<html>
<body>
<pre>
<h1>礦ision Build Log</h1>
<h2>Tool Versions:</h2>
IDE-Version: μVision V5.14.0.0
Copyright (C) 2015 ARM Ltd and ARM Germany GmbH. All rights reserved.
License Information: min Administrator, hitsz, LIC=NHY9U-SZRCL-YC7J1-CXEKN-3QT6J-NC066
 
Tool Versions:
Toolchain:       MDK-ARM Professional  Version: 5.14.0.0
Toolchain Path:  C:\Keil_v5\ARM\ARMCC\Bin
C Compiler:      Armcc.exe V5.05 update 1 (build 106)
Assembler:       Armasm.exe V5.05 update 1 (build 106)
Linker/Locator:  ArmLink.exe V5.05 update 1 (build 106)
Library Manager: ArmAr.exe V5.05 update 1 (build 106)
Hex Converter:   FromElf.exe V5.05 update 1 (build 106)
CPU DLL:         SARMCM3.DLL V5.14.0.0
Dialog DLL:      DCM.DLL V1.13.1.0
Target DLL:      Segger\JL2CM3.dll V2.99.13.0
Dialog DLL:      TCM.DLL V1.14.4.0
 
<h2>Project:</h2>
E:\01-WORK\01-缆索机器人\03-Palm_Trans\2-Program\01-STM32-ADC_CAN_UCOS\USER\UCOS-1.uvprojx
Project File Date:  03/08/2019

<h2>Output:</h2>
Build target 'UCOS-1'
compiling main.c...
main.c(184): warning:  #177-D: variable "adc_data1" was declared but never referenced
        u16 adc_data1[256];             //ADC数据缓存区2
main.c(208): warning:  #177-D: variable "i" was declared but never referenced
        u8 i;
main.c(209): warning:  #177-D: variable "cnt" was declared but never referenced
        u8 cnt=0,cantask_cnt=0;
main.c(209): warning:  #177-D: variable "cantask_cnt" was declared but never referenced
        u8 cnt=0,cantask_cnt=0;
main.c(210): warning:  #177-D: variable "canbuf" was declared but never referenced
        u8 canbuf[8];
main.c(213): warning:  #177-D: variable "KeyValue" was declared but never referenced
        u8 KeyValue;
main.c(214): warning:  #177-D: variable "mode" was declared but never referenced
        u8 mode=1;      //CAN工作模式;0,普通模式;1,环回模式
main.c: 7 warnings, 0 errors
linking...
Program Size: Code=43182 RO-data=6830 RW-data=136 ZI-data=17336  
FromELF: creating hex file...
"..\OBJ\UCOS-1.axf" - 0 Error(s), 7 Warning(s).

<h2>Collection of Component include folders:</h2>
  E:\01-WORK\01-缆索机器人\03-Palm_Trans\2-Program\01-STM32-ADC_CAN_UCOS\USER\RTE
  C:\Keil_v5\ARM\PACK\Keil\STM32F4xx_DFP\2.13.0

<h2>Collection of Component Files used:</h2>
</pre>
</body>
</html>
