Component: ARM Compiler 5.05 update 1 (build 106) Tool: armlink [4d0efa]

==============================================================================

Section Cross References

    main.o(.text) refers to lcd.o(.text) for LCD_ShowString
    main.o(.text) refers to adc.o(.text) for Get_Adc_Average
    main.o(.text) refers to f2d.o(x$fpl$f2d) for __aeabi_f2d
    main.o(.text) refers to dmul.o(x$fpl$dmul) for __aeabi_dmul
    main.o(.text) refers to d2f.o(x$fpl$d2f) for __aeabi_d2f
    main.o(.text) refers to delay.o(.text) for delay_ms
    main.o(.text) refers to key.o(.text) for KEY_Scan
    main.o(.text) refers to os_sem.o(.text) for OSSemPend
    main.o(.text) refers to os_time.o(.text) for OSTimeDly
    main.o(.text) refers to os_cpu_a.o(.text) for OS_CPU_SR_Save
    main.o(.text) refers to os_task.o(.text) for OSTaskCreate
    main.o(.text) refers to misc.o(.text) for NVIC_PriorityGroupConfig
    main.o(.text) refers to usart.o(.text) for uart_init
    main.o(.text) refers to led.o(.text) for LED_Init
    main.o(.text) refers to can.o(.text) for CAN1_Mode_Init
    main.o(.text) refers to os_core.o(.text) for OSInit
    main.o(.text) refers to main.o(.data) for EventSemKey
    main.o(.text) refers to main.o(.bss) for LED0_TASK_STK
    main.o(.text) refers to lcd.o(.data) for POINT_COLOR
    system_stm32f4xx.o(.text) refers to system_stm32f4xx.o(.data) for SystemCoreClock
    led.o(.text) refers to stm32f4xx_rcc.o(.text) for RCC_AHB1PeriphClockCmd
    led.o(.text) refers to stm32f4xx_gpio.o(.text) for GPIO_Init
    key.o(.text) refers to stm32f4xx_rcc.o(.text) for RCC_AHB1PeriphClockCmd
    key.o(.text) refers to stm32f4xx_gpio.o(.text) for GPIO_Init
    key.o(.text) refers to delay.o(.text) for delay_ms
    key.o(.text) refers to key.o(.data) for key_up
    can.o(.text) refers to stm32f4xx_rcc.o(.text) for RCC_AHB1PeriphClockCmd
    can.o(.text) refers to stm32f4xx_gpio.o(.text) for GPIO_Init
    can.o(.text) refers to stm32f4xx_can.o(.text) for CAN_Init
    lcd.o(.text) refers to _printf_percent.o(.ARM.Collect$$_printf_percent$$00000000) for _printf_percent
    lcd.o(.text) refers to _printf_x.o(.ARM.Collect$$_printf_percent$$0000000C) for _printf_x
    lcd.o(.text) refers to _printf_hex_int.o(.text) for _printf_longlong_hex
    lcd.o(.text) refers to delay.o(.text) for delay_us
    lcd.o(.text) refers to lcd.o(.bss) for lcddev
    lcd.o(.text) refers to lcd.o(.data) for POINT_COLOR
    lcd.o(.text) refers to dflt_clz.o(x$fpl$dfltu) for __aeabi_ui2d
    lcd.o(.text) refers to dmul.o(x$fpl$dmul) for __aeabi_dmul
    lcd.o(.text) refers to dfixu.o(x$fpl$dfixu) for __aeabi_d2uiz
    lcd.o(.text) refers to stm32f4xx_rcc.o(.text) for RCC_AHB1PeriphClockCmd
    lcd.o(.text) refers to stm32f4xx_gpio.o(.text) for GPIO_Init
    lcd.o(.text) refers to stm32f4xx_fsmc.o(.text) for FSMC_NORSRAMInit
    lcd.o(.text) refers to noretval__2printf.o(.text) for __2printf
    lcd.o(.text) refers to lcd.o(.constdata) for asc2_1206
    adc.o(.text) refers to stm32f4xx_rcc.o(.text) for RCC_AHB1PeriphClockCmd
    adc.o(.text) refers to stm32f4xx_gpio.o(.text) for GPIO_Init
    adc.o(.text) refers to stm32f4xx_adc.o(.text) for ADC_CommonInit
    adc.o(.text) refers to delay.o(.text) for delay_ms
    delay.o(.text) refers to os_core.o(.text) for OSSchedLock
    delay.o(.text) refers to os_time.o(.text) for OSTimeDly
    delay.o(.text) refers to misc.o(.text) for SysTick_CLKSourceConfig
    delay.o(.text) refers to os_core.o(.data) for OSRunning
    delay.o(.text) refers to delay.o(.data) for fac_us
    usart.o(.rev16_text) refers (Special) to use_no_semi_2.o(.text) for __use_no_semihosting
    usart.o(.revsh_text) refers (Special) to use_no_semi_2.o(.text) for __use_no_semihosting
    usart.o(.text) refers (Special) to use_no_semi_2.o(.text) for __use_no_semihosting
    usart.o(.text) refers to stm32f4xx_rcc.o(.text) for RCC_AHB1PeriphClockCmd
    usart.o(.text) refers to stm32f4xx_gpio.o(.text) for GPIO_PinAFConfig
    usart.o(.text) refers to stm32f4xx_usart.o(.text) for USART_Init
    usart.o(.text) refers to misc.o(.text) for NVIC_Init
    usart.o(.text) refers to os_core.o(.text) for OSIntEnter
    usart.o(.text) refers to usart.o(.data) for USART_RX_STA
    usart.o(.text) refers to usart.o(.bss) for USART_RX_BUF
    usart.o(.bss) refers (Special) to use_no_semi_2.o(.text) for __use_no_semihosting
    usart.o(.data) refers (Special) to use_no_semi_2.o(.text) for __use_no_semihosting
    startup_stm32f40_41xxx.o(STACK) refers (Special) to heapauxi.o(.text) for __use_two_region_memory
    startup_stm32f40_41xxx.o(HEAP) refers (Special) to heapauxi.o(.text) for __use_two_region_memory
    startup_stm32f40_41xxx.o(RESET) refers (Special) to heapauxi.o(.text) for __use_two_region_memory
    startup_stm32f40_41xxx.o(RESET) refers to startup_stm32f40_41xxx.o(STACK) for __initial_sp
    startup_stm32f40_41xxx.o(RESET) refers to startup_stm32f40_41xxx.o(.text) for Reset_Handler
[...]
    !!!main                                  0x08000188   Section        8  __main.o(!!!main)
    !!!scatter                               0x08000190   Section       52  __scatter.o(!!!scatter)
    !!handler_copy                           0x080001c4   Section       26  __scatter_copy.o(!!handler_copy)
    !!handler_zi                             0x080001e0   Section       28  __scatter_zi.o(!!handler_zi)
    .ARM.Collect$$_printf_percent$$00000000  0x080001fc   Section        0  _printf_percent.o(.ARM.Collect$$_printf_percent$$00000000)
    .ARM.Collect$$_printf_percent$$0000000C  0x080001fc   Section        6  _printf_x.o(.ARM.Collect$$_printf_percent$$0000000C)
    .ARM.Collect$$_printf_percent$$00000017  0x08000202   Section        4  _printf_percent_end.o(.ARM.Collect$$_printf_percent$$00000017)
    .ARM.Collect$$libinit$$00000000          0x08000206   Section        2  libinit.o(.ARM.Collect$$libinit$$00000000)
    .ARM.Collect$$libinit$$00000001          0x08000208   Section        4  libinit2.o(.ARM.Collect$$libinit$$00000001)
    .ARM.Collect$$libinit$$00000004          0x0800020c   Section        0  libinit2.o(.ARM.Collect$$libinit$$00000004)
    .ARM.Collect$$libinit$$0000000A          0x0800020c   Section        0  libinit2.o(.ARM.Collect$$libinit$$0000000A)
    .ARM.Collect$$libinit$$0000000C          0x0800020c   Section        0  libinit2.o(.ARM.Collect$$libinit$$0000000C)
    .ARM.Collect$$libinit$$0000000E          0x0800020c   Section        0  libinit2.o(.ARM.Collect$$libinit$$0000000E)
    .ARM.Collect$$libinit$$00000011          0x0800020c   Section        0  libinit2.o(.ARM.Collect$$libinit$$00000011)
    .ARM.Collect$$libinit$$00000013          0x0800020c   Section        0  libinit2.o(.ARM.Collect$$libinit$$00000013)
    .ARM.Collect$$libinit$$00000015          0x0800020c   Section        0  libinit2.o(.ARM.Collect$$libinit$$00000015)
    .ARM.Collect$$libinit$$00000017          0x0800020c   Section        0  libinit2.o(.ARM.Collect$$libinit$$00000017)
    .ARM.Collect$$libinit$$00000019          0x0800020c   Section        0  libinit2.o(.ARM.Collect$$libinit$$00000019)
    .ARM.Collect$$libinit$$0000001B          0x0800020c   Section        0  libinit2.o(.ARM.Collect$$libinit$$0000001B)
    .ARM.Collect$$libinit$$0000001D          0x0800020c   Section        0  libinit2.o(.ARM.Collect$$libinit$$0000001D)
    .ARM.Collect$$libinit$$0000001F          0x0800020c   Section        0  libinit2.o(.ARM.Collect$$libinit$$0000001F)
    .ARM.Collect$$libinit$$00000021          0x0800020c   Section        0  libinit2.o(.ARM.Collect$$libinit$$00000021)
    .ARM.Collect$$libinit$$00000023          0x0800020c   Section        0  libinit2.o(.ARM.Collect$$libinit$$00000023)
    .ARM.Collect$$libinit$$00000025          0x0800020c   Section        0  libinit2.o(.ARM.Collect$$libinit$$00000025)
    .ARM.Collect$$libinit$$0000002C          0x0800020c   Section        0  libinit2.o(.ARM.Collect$$libinit$$0000002C)
    .ARM.Collect$$libinit$$0000002E          0x0800020c   Section        0  libinit2.o(.ARM.Collect$$libinit$$0000002E)
    .ARM.Collect$$libinit$$00000030          0x0800020c   Section        0  libinit2.o(.ARM.Collect$$libinit$$00000030)
    .ARM.Collect$$libinit$$00000032          0x0800020c   Section        0  libinit2.o(.ARM.Collect$$libinit$$00000032)
    .ARM.Collect$$libinit$$00000033          0x0800020c   Section        2  libinit2.o(.ARM.Collect$$libinit$$00000033)
    .ARM.Collect$$libshutdown$$00000000      0x0800020e   Section        2  libshutdown.o(.ARM.Collect$$libshutdown$$00000000)
    .ARM.Collect$$libshutdown$$00000003      0x08000210   Section        0  libshutdown2.o(.ARM.Collect$$libshutdown$$00000003)
    .ARM.Collect$$libshutdown$$00000006      0x08000210   Section        0  libshutdown2.o(.ARM.Collect$$libshutdown$$00000006)
    .ARM.Collect$$libshutdown$$00000009      0x08000210   Section        0  libshutdown2.o(.ARM.Collect$$libshutdown$$00000009)
    .ARM.Collect$$libshutdown$$0000000B      0x08000210   Section        0  libshutdown2.o(.ARM.Collect$$libshutdown$$0000000B)
    .ARM.Collect$$libshutdown$$0000000E      0x08000210   Section        0  libshutdown2.o(.ARM.Collect$$libshutdown$$0000000E)
    .ARM.Collect$$libshutdown$$0000000F      0x08000210   Section        2  libshutdown2.o(.ARM.Collect$$libshutdown$$0000000F)
    .ARM.Collect$$rtentry$$00000000          0x08000212   Section        0  __rtentry.o(.ARM.Collect$$rtentry$$00000000)
    .ARM.Collect$$rtentry$$00000002          0x08000212   Section        0  __rtentry2.o(.ARM.Collect$$rtentry$$00000002)
    .ARM.Collect$$rtentry$$00000004          0x08000212   Section        6  __rtentry4.o(.ARM.Collect$$rtentry$$00000004)
    .ARM.Collect$$rtentry$$00000009          0x08000218   Section        0  __rtentry2.o(.ARM.Collect$$rtentry$$00000009)
    .ARM.Collect$$rtentry$$0000000A          0x08000218   Section        4  __rtentry2.o(.ARM.Collect$$rtentry$$0000000A)
    .ARM.Collect$$rtentry$$0000000C          0x0800021c   Section        0  __rtentry2.o(.ARM.Collect$$rtentry$$0000000C)
    .ARM.Collect$$rtentry$$0000000D          0x0800021c   Section        8  __rtentry2.o(.ARM.Collect$$rtentry$$0000000D)
    .ARM.Collect$$rtexit$$00000000           0x08000224   Section        2  rtexit.o(.ARM.Collect$$rtexit$$00000000)
    .ARM.Collect$$rtexit$$00000002           0x08000226   Section        0  rtexit2.o(.ARM.Collect$$rtexit$$00000002)
    .ARM.Collect$$rtexit$$00000003           0x08000226   Section        4  rtexit2.o(.ARM.Collect$$rtexit$$00000003)
    .ARM.Collect$$rtexit$$00000004           0x0800022a   Section        6  rtexit2.o(.ARM.Collect$$rtexit$$00000004)
    .text                                    0x08000230   Section        0  main.o(.text)
    .text                                    0x08000680   Section        0  stm32f4xx_it.o(.text)
    .text                                    0x08000698   Section        0  system_stm32f4xx.o(.text)
    SetSysClock                              0x08000699   Thumb Code   220  system_stm32f4xx.o(.text)
    .text                                    0x080008a8   Section        0  led.o(.text)
    .text                                    0x08000924   Section        0  key.o(.text)
    .text                                    0x08000a28   Section        0  can.o(.text)
    .text                                    0x08000ba4   Section        0  lcd.o(.text)
    .text                                    0x08005824   Section        0  adc.o(.text)
    .text                                    0x08005904   Section        0  delay.o(.text)
    .text                                    0x08005a2c   Section        0  usart.o(.text)
    .text                                    0x08005b7c   Section       64  startup_stm32f40_41xxx.o(.text)
    $v0                                      0x08005b7c   Number         0  startup_stm32f40_41xxx.o(.text)
    .text                                    0x08005bbc   Section        0  misc.o(.text)
    .text                                    0x08005c9c   Section        0  stm32f4xx_gpio.o(.text)
    .text                                    0x08005f30   Section        0  stm32f4xx_rcc.o(.text)
    .text                                    0x0800658c   Section        0  stm32f4xx_usart.o(.text)
    .text                                    0x080069e0   Section        0  stm32f4xx_can.o(.text)
    CheckITStatus                            0x080071e3   Thumb Code    18  stm32f4xx_can.o(.text)
    .text                                    0x080073d0   Section        0  stm32f4xx_fsmc.o(.text)
    .text                                    0x08007998   Section        0  stm32f4xx_adc.o(.text)
    .text                                    0x08007dfc   Section        0  os_core.o(.text)
    OS_InitTaskStat                          0x08007ea7   Thumb Code    52  os_core.o(.text)
    OS_InitTaskIdle                          0x08007efd   Thumb Code    52  os_core.o(.text)
    OS_InitEventList                         0x08007f43   Thumb Code    74  os_core.o(.text)
    OS_InitTCBList                           0x08007f8d   Thumb Code   106  os_core.o(.text)
    OS_InitRdyList                           0x08007ff7   Thumb Code    44  os_core.o(.text)
    OS_InitMisc                              0x08008023   Thumb Code    44  os_core.o(.text)
    OS_SchedNew                              0x08008097   Thumb Code    26  os_core.o(.text)
    .text                                    0x0800868c   Section        0  os_flag.o(.text)
    OS_FlagTaskRdy                           0x08008803   Thumb Code    82  os_flag.o(.text)
    OS_FlagBlock                             0x080089bd   Thumb Code   152  os_flag.o(.text)
    .text                                    0x08008e98   Section        0  os_q.o(.text)
    .text                                    0x08009480   Section        0  os_sem.o(.text)
    .text                                    0x0800980c   Section        0  os_task.o(.text)
    .text                                    0x08009fd0   Section        0  os_time.o(.text)
    .text                                    0x0800a180   Section        0  os_cpu_c.o(.text)
    .text                                    0x0800a344   Section      200  os_cpu_a.o(.text)
    $v0                                      0x0800a344   Number         0  os_cpu_a.o(.text)
    .text                                    0x0800a40c   Section        2  use_no_semi_2.o(.text)
    .text                                    0x0800a410   Section        0  noretval__2printf.o(.text)
    .text                                    0x0800a428   Section        0  __printf.o(.text)
    .text                                    0x0800a490   Section        0  _printf_hex_int.o(.text)
    .text                                    0x0800a4e8   Section        0  heapauxi.o(.text)
    .text                                    0x0800a4ee   Section        2  use_no_semi.o(.text)
    .text                                    0x0800a4f0   Section        0  _printf_intcommon.o(.text)
    .text                                    0x0800a5a4   Section        0  _printf_char_file.o(.text)
    .text                                    0x0800a5c8   Section        0  _printf_char_common.o(.text)
    _printf_input_char                       0x0800a5c9   Thumb Code    10  _printf_char_common.o(.text)
    .text                                    0x0800a5f8   Section        0  ferror.o(.text)
    .text                                    0x0800a600   Section       74  sys_stackheap_outer.o(.text)
    .text                                    0x0800a64a   Section        0  exit.o(.text)
    .text                                    0x0800a658   Section        8  libspace.o(.text)
    x$fpl$d2f                                0x0800a660   Section       98  d2f.o(x$fpl$d2f)
    $v0                                      0x0800a660   Number         0  d2f.o(x$fpl$d2f)
    x$fpl$dfixu                              0x0800a6c4   Section       90  dfixu.o(x$fpl$dfixu)
    $v0                                      0x0800a6c4   Number         0  dfixu.o(x$fpl$dfixu)
    x$fpl$dfltu                              0x0800a71e   Section       38  dflt_clz.o(x$fpl$dfltu)
    $v0                                      0x0800a71e   Number         0  dflt_clz.o(x$fpl$dfltu)
    x$fpl$dmul                               0x0800a744   Section      340  dmul.o(x$fpl$dmul)
    $v0                                      0x0800a744   Number         0  dmul.o(x$fpl$dmul)
    x$fpl$dnaninf                            0x0800a898   Section      156  dnaninf.o(x$fpl$dnaninf)
    $v0                                      0x0800a898   Number         0  dnaninf.o(x$fpl$dnaninf)
    x$fpl$dretinf                            0x0800a934   Section       12  dretinf.o(x$fpl$dretinf)
    $v0                                      0x0800a934   Number         0  dretinf.o(x$fpl$dretinf)
    x$fpl$f2d                                0x0800a940   Section       86  f2d.o(x$fpl$f2d)
    $v0                                      0x0800a940   Number         0  f2d.o(x$fpl$f2d)
    x$fpl$fnaninf                            0x0800a996   Section      140  fnaninf.o(x$fpl$fnaninf)
    $v0                                      0x0800a996   Number         0  fnaninf.o(x$fpl$fnaninf)
    x$fpl$fpinit                             0x0800aa22   Section       10  fpinit.o(x$fpl$fpinit)
    $v0                                      0x0800aa22   Number         0  fpinit.o(x$fpl$fpinit)
    x$fpl$fretinf                            0x0800aa2c   Section       10  fretinf.o(x$fpl$fretinf)
    $v0                                      0x0800aa2c   Number         0  fretinf.o(x$fpl$fretinf)
    .constdata                               0x0800aa36   Section     6080  lcd.o(.constdata)
    x$fpl$usenofp                            0x0800aa36   Section        0  usenofp.o(x$fpl$usenofp)
    .constdata                               0x0800c1f8   Section       28  stm32f4xx_fsmc.o(.constdata)
    .constdata                               0x0800c214   Section      256  os_core.o(.constdata)
    .constdata                               0x0800c314   Section       40  _printf_hex_int.o(.constdata)
    uc_hextab                                0x0800c314   Data          20  _printf_hex_int.o(.constdata)
    lc_hextab                                0x0800c328   Data          20  _printf_hex_int.o(.constdata)
    .data                                    0x20000000   Section        5  main.o(.data)
    .data                                    0x20000008   Section       20  system_stm32f4xx.o(.data)
    .data                                    0x2000001c   Section        1  key.o(.data)
    key_up                                   0x2000001c   Data           1  key.o(.data)
    .data                                    0x2000001e   Section        4  lcd.o(.data)
    .data                                    0x20000022   Section        4  delay.o(.data)
    fac_us                                   0x20000022   Data           1  delay.o(.data)
    fac_ms                                   0x20000024   Data           2  delay.o(.data)
    .data                                    0x20000028   Section        6  usart.o(.data)
    .data                                    0x2000002e   Section       16  stm32f4xx_rcc.o(.data)
    APBAHBPrescTable                         0x2000002e   Data          16  stm32f4xx_rcc.o(.data)
    .data                                    0x20000040   Section       72  os_core.o(.data)
    .bss                                     0x20000088   Section    12800  main.o(.bss)
    .bss                                     0x20003288   Section       14  lcd.o(.bss)
    .bss                                     0x20003296   Section      200  usart.o(.bss)
    .bss                                     0x20003360   Section     2688  os_core.o(.bss)
    .bss                                     0x20003de0   Section       96  libspace.o(.bss)
    HEAP                                     0x20003e40   Section      512  startup_stm32f40_41xxx.o(HEAP)
    Heap_Mem                                 0x20003e40   Data         512  startup_stm32f40_41xxx.o(HEAP)
    STACK                                    0x20004040   Section     1024  startup_stm32f40_41xxx.o(STACK)
    Stack_Mem                                0x20004040   Data        1024  startup_stm32f40_41xxx.o(STACK)
    __initial_sp                             0x20004440   Data           0  startup_stm32f40_41xxx.o(STACK)

    Global Symbols

    Symbol Name                              Value     Ov Type        Size  Object(Section)

    BuildAttributes$$THM_ISAv4$E$P$D$K$B$S$7EM$VFPi3$EXTD16$VFPS$VFMA$PE$A:L22UL41UL21$X:L11$S22US41US21$IEEE1$IW$USESV6$~STKCKD$USESV7$~SHL$OSPACE$ROPI$EBA8$UX$STANDARDLIB$REQ8$PRES8$EABIv2 0x00000000   Number         0  anon$$obj.o ABSOLUTE
    __ARM_use_no_argv                        0x00000000   Number         0  main.o ABSOLUTE
    __ARM_exceptions_init                     - Undefined Weak Reference
    __alloca_initialize                       - Undefined Weak Reference
    __arm_preinit_                            - Undefined Weak Reference
    __cpp_initialize__aeabi_                  - Undefined Weak Reference
    __cxa_finalize                            - Undefined Weak Reference
    __rt_locale                               - Undefined Weak Reference
    __sigvec_lookup                           - Undefined Weak Reference
    _atexit_init                              - Undefined Weak Reference
    _call_atexit_fns                          - Undefined Weak Reference
    _clock_init                               - Undefined Weak Reference
    _fp_trap_init                             - Undefined Weak Reference
    _fp_trap_shutdown                         - Undefined Weak Reference
    _get_lc_collate                           - Undefined Weak Reference
    _get_lc_ctype                             - Undefined Weak Reference
    _get_lc_monetary                          - Undefined Weak Reference
    _get_lc_numeric                           - Undefined Weak Reference
    _get_lc_time                              - Undefined Weak Reference
    _getenv_init                              - Undefined Weak Reference
    _handle_redirection                       - Undefined Weak Reference
    _init_alloc                               - Undefined Weak Reference
    _init_user_alloc                          - Undefined Weak Reference
    _initio                                   - Undefined Weak Reference
    _mutex_acquire                            - Undefined Weak Reference
    _mutex_release                            - Undefined Weak Reference
    _printf_post_padding                      - Undefined Weak Reference
    _printf_pre_padding                       - Undefined Weak Reference
    _printf_truncate_unsigned                 - Undefined Weak Reference
    _rand_init                                - Undefined Weak Reference
    _signal_finish                            - Undefined Weak Reference
    _signal_init                              - Undefined Weak Reference
    _terminate_alloc                          - Undefined Weak Reference
    _terminate_user_alloc                     - Undefined Weak Reference
    _terminateio                              - Undefined Weak Reference
    __Vectors_Size                           0x00000188   Number         0  startup_stm32f40_41xxx.o ABSOLUTE
    __Vectors                                0x08000000   Data           4  startup_stm32f40_41xxx.o(RESET)
    __Vectors_End                            0x08000188   Data           0  startup_stm32f40_41xxx.o(RESET)
    __main                                   0x08000189   Thumb Code     8  __main.o(!!!main)
    __scatterload                            0x08000191   Thumb Code     0  __scatter.o(!!!scatter)
    __scatterload_rt2                        0x08000191   Thumb Code    44  __scatter.o(!!!scatter)
    __scatterload_rt2_thumb_only             0x08000191   Thumb Code     0  __scatter.o(!!!scatter)
    __scatterload_null                       0x0800019f   Thumb Code     0  __scatter.o(!!!scatter)
    __scatterload_copy                       0x080001c5   Thumb Code    26  __scatter_copy.o(!!handler_copy)
    __scatterload_zeroinit                   0x080001e1   Thumb Code    28  __scatter_zi.o(!!handler_zi)
    _printf_percent                          0x080001fd   Thumb Code     0  _printf_percent.o(.ARM.Collect$$_printf_percent$$00000000)
    _printf_x                                0x080001fd   Thumb Code     0  _printf_x.o(.ARM.Collect$$_printf_percent$$0000000C)
    _printf_percent_end                      0x08000203   Thumb Code     0  _printf_percent_end.o(.ARM.Collect$$_printf_percent$$00000017)
    __rt_lib_init                            0x08000207   Thumb Code     0  libinit.o(.ARM.Collect$$libinit$$00000000)
    __rt_lib_init_fp_1                       0x08000209   Thumb Code     0  libinit2.o(.ARM.Collect$$libinit$$00000001)
    __rt_lib_init_alloca_1                   0x0800020d   Thumb Code     0  libinit2.o(.ARM.Collect$$libinit$$0000002E)
    __rt_lib_init_argv_1                     0x0800020d   Thumb Code     0  libinit2.o(.ARM.Collect$$libinit$$0000002C)
    __rt_lib_init_atexit_1                   0x0800020d   Thumb Code     0  libinit2.o(.ARM.Collect$$libinit$$0000001B)
    __rt_lib_init_clock_1                    0x0800020d   Thumb Code     0  libinit2.o(.ARM.Collect$$libinit$$00000021)
    __rt_lib_init_cpp_1                      0x0800020d   Thumb Code     0  libinit2.o(.ARM.Collect$$libinit$$00000032)
    __rt_lib_init_exceptions_1               0x0800020d   Thumb Code     0  libinit2.o(.ARM.Collect$$libinit$$00000030)
    __rt_lib_init_fp_trap_1                  0x0800020d   Thumb Code     0  libinit2.o(.ARM.Collect$$libinit$$0000001F)
    __rt_lib_init_getenv_1                   0x0800020d   Thumb Code     0  libinit2.o(.ARM.Collect$$libinit$$00000023)
    __rt_lib_init_heap_1                     0x0800020d   Thumb Code     0  libinit2.o(.ARM.Collect$$libinit$$0000000A)
    __rt_lib_init_lc_collate_1               0x0800020d   Thumb Code     0  libinit2.o(.ARM.Collect$$libinit$$00000011)
    __rt_lib_init_lc_ctype_1                 0x0800020d   Thumb Code     0  libinit2.o(.ARM.Collect$$libinit$$00000013)
    __rt_lib_init_lc_monetary_1              0x0800020d   Thumb Code     0  libinit2.o(.ARM.Collect$$libinit$$00000015)
    __rt_lib_init_lc_numeric_1               0x0800020d   Thumb Code     0  libinit2.o(.ARM.Collect$$libinit$$00000017)
    __rt_lib_init_lc_time_1                  0x0800020d   Thumb Code     0  libinit2.o(.ARM.Collect$$libinit$$00000019)
    __rt_lib_init_preinit_1                  0x0800020d   Thumb Code     0  libinit2.o(.ARM.Collect$$libinit$$00000004)
    __rt_lib_init_rand_1                     0x0800020d   Thumb Code     0  libinit2.o(.ARM.Collect$$libinit$$0000000E)
    __rt_lib_init_return                     0x0800020d   Thumb Code     0  libinit2.o(.ARM.Collect$$libinit$$00000033)
    __rt_lib_init_signal_1                   0x0800020d   Thumb Code     0  libinit2.o(.ARM.Collect$$libinit$$0000001D)
    __rt_lib_init_stdio_1                    0x0800020d   Thumb Code     0  libinit2.o(.ARM.Collect$$libinit$$00000025)
    __rt_lib_init_user_alloc_1               0x0800020d   Thumb Code     0  libinit2.o(.ARM.Collect$$libinit$$0000000C)
    __rt_lib_shutdown                        0x0800020f   Thumb Code     0  libshutdown.o(.ARM.Collect$$libshutdown$$00000000)
    __rt_lib_shutdown_fp_trap_1              0x08000211   Thumb Code     0  libshutdown2.o(.ARM.Collect$$libshutdown$$00000006)
    __rt_lib_shutdown_heap_1                 0x08000211   Thumb Code     0  libshutdown2.o(.ARM.Collect$$libshutdown$$0000000E)
    __rt_lib_shutdown_return                 0x08000211   Thumb Code     0  libshutdown2.o(.ARM.Collect$$libshutdown$$0000000F)
    __rt_lib_shutdown_signal_1               0x08000211   Thumb Code     0  libshutdown2.o(.ARM.Collect$$libshutdown$$00000009)
    __rt_lib_shutdown_stdio_1                0x08000211   Thumb Code     0  libshutdown2.o(.ARM.Collect$$libshutdown$$00000003)
    __rt_lib_shutdown_user_alloc_1           0x08000211   Thumb Code     0  libshutdown2.o(.ARM.Collect$$libshutdown$$0000000B)
    __rt_entry                               0x08000213   Thumb Code     0  __rtentry.o(.ARM.Collect$$rtentry$$00000000)
    __rt_entry_presh_1                       0x08000213   Thumb Code     0  __rtentry2.o(.ARM.Collect$$rtentry$$00000002)
    __rt_entry_sh                            0x08000213   Thumb Code     0  __rtentry4.o(.ARM.Collect$$rtentry$$00000004)
    __rt_entry_li                            0x08000219   Thumb Code     0  __rtentry2.o(.ARM.Collect$$rtentry$$0000000A)
    __rt_entry_postsh_1                      0x08000219   Thumb Code     0  __rtentry2.o(.ARM.Collect$$rtentry$$00000009)
    __rt_entry_main                          0x0800021d   Thumb Code     0  __rtentry2.o(.ARM.Collect$$rtentry$$0000000D)
    __rt_entry_postli_1                      0x0800021d   Thumb Code     0  __rtentry2.o(.ARM.Collect$$rtentry$$0000000C)
    __rt_exit                                0x08000225   Thumb Code     0  rtexit.o(.ARM.Collect$$rtexit$$00000000)
    __rt_exit_ls                             0x08000227   Thumb Code     0  rtexit2.o(.ARM.Collect$$rtexit$$00000003)
    __rt_exit_prels_1                        0x08000227   Thumb Code     0  rtexit2.o(.ARM.Collect$$rtexit$$00000002)
    __rt_exit_exit                           0x0800022b   Thumb Code     0  rtexit2.o(.ARM.Collect$$rtexit$$00000004)
    adc_task                                 0x08000231   Thumb Code   204  main.o(.text)
    can_task                                 0x080002fd   Thumb Code    66  main.o(.text)
    key_task                                 0x0800033f   Thumb Code    90  main.o(.text)
    led1_task                                0x08000399   Thumb Code    40  main.o(.text)
    led0_task                                0x080003c1   Thumb Code    76  main.o(.text)
    start_task                               0x0800040d   Thumb Code    92  main.o(.text)
    main                                     0x08000469   Thumb Code   292  main.o(.text)
    NMI_Handler                              0x08000681   Thumb Code     2  stm32f4xx_it.o(.text)
    HardFault_Handler                        0x08000683   Thumb Code     4  stm32f4xx_it.o(.text)
    MemManage_Handler                        0x08000687   Thumb Code     4  stm32f4xx_it.o(.text)
    BusFault_Handler                         0x0800068b   Thumb Code     4  stm32f4xx_it.o(.text)
    UsageFault_Handler                       0x0800068f   Thumb Code     4  stm32f4xx_it.o(.text)
    SVC_Handler                              0x08000693   Thumb Code     2  stm32f4xx_it.o(.text)
    DebugMon_Handler                         0x08000695   Thumb Code     2  stm32f4xx_it.o(.text)
    SystemInit                               0x08000775   Thumb Code    88  system_stm32f4xx.o(.text)
    SystemCoreClockUpdate                    0x080007cd   Thumb Code   174  system_stm32f4xx.o(.text)
    LED_Init                                 0x080008a9   Thumb Code    60  led.o(.text)
    Mult_Init                                0x080008e5   Thumb Code    56  led.o(.text)
    KEY_Init                                 0x08000925   Thumb Code    60  key.o(.text)
    KEY_Scan                                 0x08000961   Thumb Code   186  key.o(.text)
    CAN1_Mode_Init                           0x08000a29   Thumb Code   208  can.o(.text)
    CAN1_Send_Msg                            0x08000af9   Thumb Code   104  can.o(.text)
    CAN1_Receive_Msg                         0x08000b61   Thumb Code    60  can.o(.text)
    LCD_WR_REG                               0x08000ba5   Thumb Code    18  lcd.o(.text)
    LCD_WR_DATA                              0x08000bb7   Thumb Code    20  lcd.o(.text)
    LCD_RD_DATA                              0x08000bcb   Thumb Code    16  lcd.o(.text)
    LCD_WriteReg                             0x08000bdb   Thumb Code    14  lcd.o(.text)
    LCD_ReadReg                              0x08000be9   Thumb Code    22  lcd.o(.text)
    LCD_WriteRAM_Prepare                     0x08000bff   Thumb Code    10  lcd.o(.text)
    LCD_WriteRAM                             0x08000c09   Thumb Code     8  lcd.o(.text)
    LCD_BGR2RGB                              0x08000c11   Thumb Code    26  lcd.o(.text)
    opt_delay                                0x08000c2b   Thumb Code    14  lcd.o(.text)
    LCD_SetCursor                            0x08000c39   Thumb Code   418  lcd.o(.text)
    LCD_ReadPoint                            0x08000ddb   Thumb Code   360  lcd.o(.text)
    LCD_DisplayOn                            0x08000f43   Thumb Code   102  lcd.o(.text)
    LCD_DisplayOff                           0x08000fa9   Thumb Code    90  lcd.o(.text)
    LCD_Scan_Dir                             0x08001003   Thumb Code   744  lcd.o(.text)
    LCD_DrawPoint                            0x080012eb   Thumb Code    28  lcd.o(.text)
    LCD_Fast_DrawPoint                       0x08001307   Thumb Code   388  lcd.o(.text)
    LCD_SSD_BackLightSet                     0x0800148b   Thumb Code    88  lcd.o(.text)
    LCD_Display_Dir                          0x080014e3   Thumb Code   444  lcd.o(.text)
    LCD_Set_Window                           0x0800169f   Thumb Code   546  lcd.o(.text)
    LCD_Clear                                0x080018c1   Thumb Code   100  lcd.o(.text)
    LCD_Init                                 0x08001925   Thumb Code 14696  lcd.o(.text)
    LCD_Fill                                 0x0800528d   Thumb Code   180  lcd.o(.text)
    LCD_Color_Fill                           0x08005341   Thumb Code   100  lcd.o(.text)
    LCD_DrawLine                             0x080053a5   Thumb Code   176  lcd.o(.text)
    LCD_DrawRectangle                        0x08005455   Thumb Code    60  lcd.o(.text)
    LCD_Draw_Circle                          0x08005491   Thumb Code   152  lcd.o(.text)
    LCD_ShowChar                             0x08005529   Thumb Code   272  lcd.o(.text)
    LCD_Pow                                  0x08005639   Thumb Code    22  lcd.o(.text)
    LCD_ShowNum                              0x0800564f   Thumb Code   148  lcd.o(.text)
    LCD_ShowxNum                             0x080056e3   Thumb Code   220  lcd.o(.text)
    LCD_ShowString                           0x080057bf   Thumb Code   102  lcd.o(.text)
    Adc_Init                                 0x08005825   Thumb Code   124  adc.o(.text)
    Get_Adc                                  0x080058a1   Thumb Code    44  adc.o(.text)
    Get_Adc_Average                          0x080058cd   Thumb Code    46  adc.o(.text)
    delay_osschedlock                        0x08005905   Thumb Code     8  delay.o(.text)
    delay_osschedunlock                      0x0800590d   Thumb Code     8  delay.o(.text)
    delay_ostimedly                          0x08005915   Thumb Code    12  delay.o(.text)
    SysTick_Handler                          0x08005921   Thumb Code    24  delay.o(.text)
    delay_init                               0x08005939   Thumb Code    76  delay.o(.text)
    delay_us                                 0x08005985   Thumb Code    84  delay.o(.text)
    delay_ms                                 0x080059d9   Thumb Code    66  delay.o(.text)
    _sys_exit                                0x08005a2d   Thumb Code     4  usart.o(.text)
    fputc                                    0x08005a31   Thumb Code    22  usart.o(.text)
    uart_init                                0x08005a47   Thumb Code   164  usart.o(.text)
    USART1_IRQHandler                        0x08005aeb   Thumb Code   130  usart.o(.text)
    Reset_Handler                            0x08005b7d   Thumb Code     8  startup_stm32f40_41xxx.o(.text)
    ADC_IRQHandler                           0x08005b97   Thumb Code     0  startup_stm32f40_41xxx.o(.text)
    CAN1_RX0_IRQHandler                      0x08005b97   Thumb Code     0  startup_stm32f40_41xxx.o(.text)
    CAN1_RX1_IRQHandler                      0x08005b97   Thumb Code     0  startup_stm32f40_41xxx.o(.text)
    CAN1_SCE_IRQHandler                      0x08005b97   Thumb Code     0  startup_stm32f40_41xxx.o(.text)
    CAN1_TX_IRQHandler                       0x08005b97   Thumb Code     0  startup_stm32f40_41xxx.o(.text)
    CAN2_RX0_IRQHandler                      0x08005b97   Thumb Code     0  startup_stm32f40_41xxx.o(.text)
    CAN2_RX1_IRQHandler                      0x08005b97   Thumb Code     0  startup_stm32f40_41xxx.o(.text)
    CAN2_SCE_IRQHandler                      0x08005b97   Thumb Code     0  startup_stm32f40_41xxx.o(.text)
    CAN2_TX_IRQHandler                       0x08005b97   Thumb Code     0  startup_stm32f40_41xxx.o(.text)
    CRYP_IRQHandler                          0x08005b97   Thumb Code     0  startup_stm32f40_41xxx.o(.text)
    DCMI_IRQHandler                          0x08005b97   Thumb Code     0  startup_stm32f40_41xxx.o(.text)
    DMA1_Stream0_IRQHandler                  0x08005b97   Thumb Code     0  startup_stm32f40_41xxx.o(.text)
    DMA1_Stream1_IRQHandler                  0x08005b97   Thumb Code     0  startup_stm32f40_41xxx.o(.text)
    DMA1_Stream2_IRQHandler                  0x08005b97   Thumb Code     0  startup_stm32f40_41xxx.o(.text)
    DMA1_Stream3_IRQHandler                  0x08005b97   Thumb Code     0  startup_stm32f40_41xxx.o(.text)
    DMA1_Stream4_IRQHandler                  0x08005b97   Thumb Code     0  startup_stm32f40_41xxx.o(.text)
    DMA1_Stream5_IRQHandler                  0x08005b97   Thumb Code     0  startup_stm32f40_41xxx.o(.text)
    DMA1_Stream6_IRQHandler                  0x08005b97   Thumb Code     0  startup_stm32f40_41xxx.o(.text)
    DMA1_Stream7_IRQHandler                  0x08005b97   Thumb Code     0  startup_stm32f40_41xxx.o(.text)
    DMA2_Stream0_IRQHandler                  0x08005b97   Thumb Code     0  startup_stm32f40_41xxx.o(.text)
    DMA2_Stream1_IRQHandler                  0x08005b97   Thumb Code     0  startup_stm32f40_41xxx.o(.text)
    DMA2_Stream2_IRQHandler                  0x08005b97   Thumb Code     0  startup_stm32f40_41xxx.o(.text)
    DMA2_Stream3_IRQHandler                  0x08005b97   Thumb Code     0  startup_stm32f40_41xxx.o(.text)
    DMA2_Stream4_IRQHandler                  0x08005b97   Thumb Code     0  startup_stm32f40_41xxx.o(.text)
    DMA2_Stream5_IRQHandler                  0x08005b97   Thumb Code     0  startup_stm32f40_41xxx.o(.text)
    DMA2_Stream6_IRQHandler                  0x08005b97   Thumb Code     0  startup_stm32f40_41xxx.o(.text)
    DMA2_Stream7_IRQHandler                  0x08005b97   Thumb Code     0  startup_stm32f40_41xxx.o(.text)
    ETH_IRQHandler                           0x08005b97   Thumb Code     0  startup_stm32f40_41xxx.o(.text)
    ETH_WKUP_IRQHandler                      0x08005b97   Thumb Code     0  startup_stm32f40_41xxx.o(.text)
    EXTI0_IRQHandler                         0x08005b97   Thumb Code     0  startup_stm32f40_41xxx.o(.text)
    EXTI15_10_IRQHandler                     0x08005b97   Thumb Code     0  startup_stm32f40_41xxx.o(.text)
    EXTI1_IRQHandler                         0x08005b97   Thumb Code     0  startup_stm32f40_41xxx.o(.text)
    EXTI2_IRQHandler                         0x08005b97   Thumb Code     0  startup_stm32f40_41xxx.o(.text)
    EXTI3_IRQHandler                         0x08005b97   Thumb Code     0  startup_stm32f40_41xxx.o(.text)
    EXTI4_IRQHandler                         0x08005b97   Thumb Code     0  startup_stm32f40_41xxx.o(.text)
    EXTI9_5_IRQHandler                       0x08005b97   Thumb Code     0  startup_stm32f40_41xxx.o(.text)
    FLASH_IRQHandler                         0x08005b97   Thumb Code     0  startup_stm32f40_41xxx.o(.text)
    FPU_IRQHandler                           0x08005b97   Thumb Code     0  startup_stm32f40_41xxx.o(.text)
    FSMC_IRQHandler                          0x08005b97   Thumb Code     0  startup_stm32f40_41xxx.o(.text)
    HASH_RNG_IRQHandler                      0x08005b97   Thumb Code     0  startup_stm32f40_41xxx.o(.text)
    I2C1_ER_IRQHandler                       0x08005b97   Thumb Code     0  startup_stm32f40_41xxx.o(.text)
    I2C1_EV_IRQHandler                       0x08005b97   Thumb Code     0  startup_stm32f40_41xxx.o(.text)
    I2C2_ER_IRQHandler                       0x08005b97   Thumb Code     0  startup_stm32f40_41xxx.o(.text)
    I2C2_EV_IRQHandler                       0x08005b97   Thumb Code     0  startup_stm32f40_41xxx.o(.text)
    I2C3_ER_IRQHandler                       0x08005b97   Thumb Code     0  startup_stm32f40_41xxx.o(.text)
    I2C3_EV_IRQHandler                       0x08005b97   Thumb Code     0  startup_stm32f40_41xxx.o(.text)
    OTG_FS_IRQHandler                        0x08005b97   Thumb Code     0  startup_stm32f40_41xxx.o(.text)
    OTG_FS_WKUP_IRQHandler                   0x08005b97   Thumb Code     0  startup_stm32f40_41xxx.o(.text)
    OTG_HS_EP1_IN_IRQHandler                 0x08005b97   Thumb Code     0  startup_stm32f40_41xxx.o(.text)
    OTG_HS_EP1_OUT_IRQHandler                0x08005b97   Thumb Code     0  startup_stm32f40_41xxx.o(.text)
    OTG_HS_IRQHandler                        0x08005b97   Thumb Code     0  startup_stm32f40_41xxx.o(.text)
    OTG_HS_WKUP_IRQHandler                   0x08005b97   Thumb Code     0  startup_stm32f40_41xxx.o(.text)
    PVD_IRQHandler                           0x08005b97   Thumb Code     0  startup_stm32f40_41xxx.o(.text)
    RCC_IRQHandler                           0x08005b97   Thumb Code     0  startup_stm32f40_41xxx.o(.text)
    RTC_Alarm_IRQHandler                     0x08005b97   Thumb Code     0  startup_stm32f40_41xxx.o(.text)
    RTC_WKUP_IRQHandler                      0x08005b97   Thumb Code     0  startup_stm32f40_41xxx.o(.text)
    SDIO_IRQHandler                          0x08005b97   Thumb Code     0  startup_stm32f40_41xxx.o(.text)
    SPI1_IRQHandler                          0x08005b97   Thumb Code     0  startup_stm32f40_41xxx.o(.text)
    SPI2_IRQHandler                          0x08005b97   Thumb Code     0  startup_stm32f40_41xxx.o(.text)
    SPI3_IRQHandler                          0x08005b97   Thumb Code     0  startup_stm32f40_41xxx.o(.text)
    TAMP_STAMP_IRQHandler                    0x08005b97   Thumb Code     0  startup_stm32f40_41xxx.o(.text)
    TIM1_BRK_TIM9_IRQHandler                 0x08005b97   Thumb Code     0  startup_stm32f40_41xxx.o(.text)
    TIM1_CC_IRQHandler                       0x08005b97   Thumb Code     0  startup_stm32f40_41xxx.o(.text)
    TIM1_TRG_COM_TIM11_IRQHandler            0x08005b97   Thumb Code     0  startup_stm32f40_41xxx.o(.text)
    TIM1_UP_TIM10_IRQHandler                 0x08005b97   Thumb Code     0  startup_stm32f40_41xxx.o(.text)
    TIM2_IRQHandler                          0x08005b97   Thumb Code     0  startup_stm32f40_41xxx.o(.text)
    TIM3_IRQHandler                          0x08005b97   Thumb Code     0  startup_stm32f40_41xxx.o(.text)
    TIM4_IRQHandler                          0x08005b97   Thumb Code     0  startup_stm32f40_41xxx.o(.text)
    TIM5_IRQHandler                          0x08005b97   Thumb Code     0  startup_stm32f40_41xxx.o(.text)
    TIM6_DAC_IRQHandler                      0x08005b97   Thumb Code     0  startup_stm32f40_41xxx.o(.text)
    TIM7_IRQHandler                          0x08005b97   Thumb Code     0  startup_stm32f40_41xxx.o(.text)
    TIM8_BRK_TIM12_IRQHandler                0x08005b97   Thumb Code     0  startup_stm32f40_41xxx.o(.text)
    TIM8_CC_IRQHandler                       0x08005b97   Thumb Code     0  startup_stm32f40_41xxx.o(.text)
    TIM8_TRG_COM_TIM14_IRQHandler            0x08005b97   Thumb Code     0  startup_stm32f40_41xxx.o(.text)
    TIM8_UP_TIM13_IRQHandler                 0x08005b97   Thumb Code     0  startup_stm32f40_41xxx.o(.text)
    UART4_IRQHandler                         0x08005b97   Thumb Code     0  startup_stm32f40_41xxx.o(.text)
    UART5_IRQHandler                         0x08005b97   Thumb Code     0  startup_stm32f40_41xxx.o(.text)
    USART2_IRQHandler                        0x08005b97   Thumb Code     0  startup_stm32f40_41xxx.o(.text)
    USART3_IRQHandler                        0x08005b97   Thumb Code     0  startup_stm32f40_41xxx.o(.text)
    USART6_IRQHandler                        0x08005b97   Thumb Code     0  startup_stm32f40_41xxx.o(.text)
    WWDG_IRQHandler                          0x08005b97   Thumb Code     0  startup_stm32f40_41xxx.o(.text)
    __user_initial_stackheap                 0x08005b99   Thumb Code     0  startup_stm32f40_41xxx.o(.text)
    NVIC_PriorityGroupConfig                 0x08005bbd   Thumb Code    10  misc.o(.text)
    NVIC_Init                                0x08005bc7   Thumb Code   106  misc.o(.text)
    NVIC_SetVectorTable                      0x08005c31   Thumb Code    14  misc.o(.text)
    NVIC_SystemLPConfig                      0x08005c3f   Thumb Code    34  misc.o(.text)
    SysTick_CLKSourceConfig                  0x08005c61   Thumb Code    40  misc.o(.text)
    GPIO_DeInit                              0x08005c9d   Thumb Code   268  stm32f4xx_gpio.o(.text)
    GPIO_Init                                0x08005da9   Thumb Code   144  stm32f4xx_gpio.o(.text)
    GPIO_StructInit                          0x08005e39   Thumb Code    18  stm32f4xx_gpio.o(.text)
    GPIO_PinLockConfig                       0x08005e4b   Thumb Code    34  stm32f4xx_gpio.o(.text)
    GPIO_ReadInputDataBit                    0x08005e6d   Thumb Code    18  stm32f4xx_gpio.o(.text)
    GPIO_ReadInputData                       0x08005e7f   Thumb Code     8  stm32f4xx_gpio.o(.text)
    GPIO_ReadOutputDataBit                   0x08005e87   Thumb Code    18  stm32f4xx_gpio.o(.text)
    GPIO_ReadOutputData                      0x08005e99   Thumb Code     8  stm32f4xx_gpio.o(.text)
    GPIO_SetBits                             0x08005ea1   Thumb Code     4  stm32f4xx_gpio.o(.text)
    GPIO_ResetBits                           0x08005ea5   Thumb Code     4  stm32f4xx_gpio.o(.text)
    GPIO_WriteBit                            0x08005ea9   Thumb Code    10  stm32f4xx_gpio.o(.text)
    GPIO_Write                               0x08005eb3   Thumb Code     4  stm32f4xx_gpio.o(.text)
    GPIO_ToggleBits                          0x08005eb7   Thumb Code     8  stm32f4xx_gpio.o(.text)
    GPIO_PinAFConfig                         0x08005ebf   Thumb Code    70  stm32f4xx_gpio.o(.text)
    RCC_DeInit                               0x08005f31   Thumb Code    82  stm32f4xx_rcc.o(.text)
    RCC_HSEConfig                            0x08005f83   Thumb Code    14  stm32f4xx_rcc.o(.text)
    RCC_GetFlagStatus                        0x08005f91   Thumb Code    60  stm32f4xx_rcc.o(.text)
    RCC_WaitForHSEStartUp                    0x08005fcd   Thumb Code    56  stm32f4xx_rcc.o(.text)
    RCC_AdjustHSICalibrationValue            0x08006005   Thumb Code    20  stm32f4xx_rcc.o(.text)
    RCC_HSICmd                               0x08006019   Thumb Code     6  stm32f4xx_rcc.o(.text)
    RCC_LSEConfig                            0x0800601f   Thumb Code    46  stm32f4xx_rcc.o(.text)
    RCC_LSICmd                               0x0800604d   Thumb Code     6  stm32f4xx_rcc.o(.text)
    RCC_PLLConfig                            0x08006053   Thumb Code    32  stm32f4xx_rcc.o(.text)
    RCC_PLLCmd                               0x08006073   Thumb Code     6  stm32f4xx_rcc.o(.text)
    RCC_PLLI2SConfig                         0x08006079   Thumb Code    14  stm32f4xx_rcc.o(.text)
    RCC_PLLI2SCmd                            0x08006087   Thumb Code     6  stm32f4xx_rcc.o(.text)
    RCC_PLLSAIConfig                         0x0800608d   Thumb Code    20  stm32f4xx_rcc.o(.text)
    RCC_PLLSAICmd                            0x080060a1   Thumb Code     6  stm32f4xx_rcc.o(.text)
    RCC_ClockSecuritySystemCmd               0x080060a7   Thumb Code     6  stm32f4xx_rcc.o(.text)
    RCC_MCO1Config                           0x080060ad   Thumb Code    28  stm32f4xx_rcc.o(.text)
    RCC_MCO2Config                           0x080060c9   Thumb Code    28  stm32f4xx_rcc.o(.text)
    RCC_SYSCLKConfig                         0x080060e5   Thumb Code    20  stm32f4xx_rcc.o(.text)
    RCC_GetSYSCLKSource                      0x080060f9   Thumb Code    12  stm32f4xx_rcc.o(.text)
    RCC_HCLKConfig                           0x08006105   Thumb Code    20  stm32f4xx_rcc.o(.text)
    RCC_PCLK1Config                          0x08006119   Thumb Code    20  stm32f4xx_rcc.o(.text)
    RCC_PCLK2Config                          0x0800612d   Thumb Code    22  stm32f4xx_rcc.o(.text)
    RCC_GetClocksFreq                        0x08006143   Thumb Code   222  stm32f4xx_rcc.o(.text)
    RCC_RTCCLKConfig                         0x08006221   Thumb Code    54  stm32f4xx_rcc.o(.text)
    RCC_RTCCLKCmd                            0x08006257   Thumb Code     8  stm32f4xx_rcc.o(.text)
    RCC_BackupResetCmd                       0x0800625f   Thumb Code     8  stm32f4xx_rcc.o(.text)
    RCC_I2SCLKConfig                         0x08006267   Thumb Code     6  stm32f4xx_rcc.o(.text)
    RCC_SAIPLLI2SClkDivConfig                0x0800626d   Thumb Code    26  stm32f4xx_rcc.o(.text)
    RCC_SAIPLLSAIClkDivConfig                0x08006287   Thumb Code    28  stm32f4xx_rcc.o(.text)
    RCC_SAIBlockACLKConfig                   0x080062a3   Thumb Code    20  stm32f4xx_rcc.o(.text)
    RCC_SAIBlockBCLKConfig                   0x080062b7   Thumb Code    20  stm32f4xx_rcc.o(.text)
    RCC_LTDCCLKDivConfig                     0x080062cb   Thumb Code    20  stm32f4xx_rcc.o(.text)
    RCC_TIMCLKPresConfig                     0x080062df   Thumb Code     6  stm32f4xx_rcc.o(.text)
    RCC_AHB1PeriphClockCmd                   0x080062e5   Thumb Code    34  stm32f4xx_rcc.o(.text)
    RCC_AHB2PeriphClockCmd                   0x08006307   Thumb Code    78  stm32f4xx_rcc.o(.text)
    RCC_AHB3PeriphClockCmd                   0x08006355   Thumb Code    34  stm32f4xx_rcc.o(.text)
    RCC_APB1PeriphClockCmd                   0x08006377   Thumb Code    34  stm32f4xx_rcc.o(.text)
    RCC_APB2PeriphClockCmd                   0x08006399   Thumb Code    34  stm32f4xx_rcc.o(.text)
    RCC_AHB1PeriphResetCmd                   0x080063bb   Thumb Code    34  stm32f4xx_rcc.o(.text)
    RCC_AHB2PeriphResetCmd                   0x080063dd   Thumb Code    34  stm32f4xx_rcc.o(.text)
    RCC_AHB3PeriphResetCmd                   0x080063ff   Thumb Code    34  stm32f4xx_rcc.o(.text)
    RCC_APB1PeriphResetCmd                   0x08006421   Thumb Code    34  stm32f4xx_rcc.o(.text)
    RCC_APB2PeriphResetCmd                   0x08006443   Thumb Code    34  stm32f4xx_rcc.o(.text)
    RCC_AHB1PeriphClockLPModeCmd             0x08006465   Thumb Code    34  stm32f4xx_rcc.o(.text)
    RCC_AHB2PeriphClockLPModeCmd             0x08006487   Thumb Code    34  stm32f4xx_rcc.o(.text)
    RCC_AHB3PeriphClockLPModeCmd             0x080064a9   Thumb Code    34  stm32f4xx_rcc.o(.text)
    RCC_APB1PeriphClockLPModeCmd             0x080064cb   Thumb Code    34  stm32f4xx_rcc.o(.text)
    RCC_APB2PeriphClockLPModeCmd             0x080064ed   Thumb Code    34  stm32f4xx_rcc.o(.text)
    RCC_LSEModeConfig                        0x0800650f   Thumb Code    40  stm32f4xx_rcc.o(.text)
    RCC_ITConfig                             0x08006537   Thumb Code    34  stm32f4xx_rcc.o(.text)
    RCC_ClearFlag                            0x08006559   Thumb Code    18  stm32f4xx_rcc.o(.text)
    RCC_GetITStatus                          0x0800656b   Thumb Code    22  stm32f4xx_rcc.o(.text)
    RCC_ClearITPendingBit                    0x08006581   Thumb Code     8  stm32f4xx_rcc.o(.text)
    USART_DeInit                             0x0800658d   Thumb Code   206  stm32f4xx_usart.o(.text)
    USART_Init                               0x0800665b   Thumb Code   204  stm32f4xx_usart.o(.text)
    USART_StructInit                         0x08006727   Thumb Code    24  stm32f4xx_usart.o(.text)
    USART_ClockInit                          0x0800673f   Thumb Code    32  stm32f4xx_usart.o(.text)
    USART_ClockStructInit                    0x0800675f   Thumb Code    12  stm32f4xx_usart.o(.text)
    USART_Cmd                                0x0800676b   Thumb Code    24  stm32f4xx_usart.o(.text)
    USART_SetPrescaler                       0x08006783   Thumb Code    16  stm32f4xx_usart.o(.text)
    USART_OverSampling8Cmd                   0x08006793   Thumb Code    22  stm32f4xx_usart.o(.text)
    USART_OneBitMethodCmd                    0x080067a9   Thumb Code    24  stm32f4xx_usart.o(.text)
    USART_SendData                           0x080067c1   Thumb Code     8  stm32f4xx_usart.o(.text)
    USART_ReceiveData                        0x080067c9   Thumb Code    10  stm32f4xx_usart.o(.text)
    USART_SetAddress                         0x080067d3   Thumb Code    18  stm32f4xx_usart.o(.text)
    USART_ReceiverWakeUpCmd                  0x080067e5   Thumb Code    24  stm32f4xx_usart.o(.text)
    USART_WakeUpConfig                       0x080067fd   Thumb Code    18  stm32f4xx_usart.o(.text)
    USART_LINBreakDetectLengthConfig         0x0800680f   Thumb Code    18  stm32f4xx_usart.o(.text)
    USART_LINCmd                             0x08006821   Thumb Code    24  stm32f4xx_usart.o(.text)
    USART_SendBreak                          0x08006839   Thumb Code    10  stm32f4xx_usart.o(.text)
    USART_HalfDuplexCmd                      0x08006843   Thumb Code    24  stm32f4xx_usart.o(.text)
    USART_SetGuardTime                       0x0800685b   Thumb Code    16  stm32f4xx_usart.o(.text)
    USART_SmartCardCmd                       0x0800686b   Thumb Code    24  stm32f4xx_usart.o(.text)
    USART_SmartCardNACKCmd                   0x08006883   Thumb Code    24  stm32f4xx_usart.o(.text)
    USART_IrDAConfig                         0x0800689b   Thumb Code    18  stm32f4xx_usart.o(.text)
    USART_IrDACmd                            0x080068ad   Thumb Code    24  stm32f4xx_usart.o(.text)
    USART_DMACmd                             0x080068c5   Thumb Code    18  stm32f4xx_usart.o(.text)
    USART_ITConfig                           0x080068d7   Thumb Code    74  stm32f4xx_usart.o(.text)
    USART_GetFlagStatus                      0x08006921   Thumb Code    26  stm32f4xx_usart.o(.text)
    USART_ClearFlag                          0x0800693b   Thumb Code    18  stm32f4xx_usart.o(.text)
    USART_GetITStatus                        0x0800694d   Thumb Code   118  stm32f4xx_usart.o(.text)
    USART_ClearITPendingBit                  0x080069c3   Thumb Code    30  stm32f4xx_usart.o(.text)
    CAN_DeInit                               0x080069e1   Thumb Code    50  stm32f4xx_can.o(.text)
    CAN_Init                                 0x08006a13   Thumb Code   276  stm32f4xx_can.o(.text)
    CAN_FilterInit                           0x08006b27   Thumb Code   258  stm32f4xx_can.o(.text)
    CAN_StructInit                           0x08006c29   Thumb Code    32  stm32f4xx_can.o(.text)
    CAN_SlaveStartBank                       0x08006c49   Thumb Code    48  stm32f4xx_can.o(.text)
    CAN_DBGFreeze                            0x08006c79   Thumb Code    22  stm32f4xx_can.o(.text)
    CAN_TTComModeCmd                         0x08006c8f   Thumb Code   118  stm32f4xx_can.o(.text)
    CAN_Transmit                             0x08006d05   Thumb Code   304  stm32f4xx_can.o(.text)
    CAN_TransmitStatus                       0x08006e35   Thumb Code   138  stm32f4xx_can.o(.text)
    CAN_CancelTransmit                       0x08006ebf   Thumb Code    48  stm32f4xx_can.o(.text)
    CAN_Receive                              0x08006eef   Thumb Code   240  stm32f4xx_can.o(.text)
    CAN_FIFORelease                          0x08006fdf   Thumb Code    22  stm32f4xx_can.o(.text)
    CAN_MessagePending                       0x08006ff5   Thumb Code    30  stm32f4xx_can.o(.text)
    CAN_OperatingModeRequest                 0x08007013   Thumb Code   162  stm32f4xx_can.o(.text)
    CAN_Sleep                                0x080070b5   Thumb Code    30  stm32f4xx_can.o(.text)
    CAN_WakeUp                               0x080070d3   Thumb Code    48  stm32f4xx_can.o(.text)
    CAN_GetLastErrorCode                     0x08007103   Thumb Code    12  stm32f4xx_can.o(.text)
    CAN_GetReceiveErrorCounter               0x0800710f   Thumb Code    10  stm32f4xx_can.o(.text)
    CAN_GetLSBTransmitErrorCounter           0x08007119   Thumb Code    12  stm32f4xx_can.o(.text)
    CAN_ITConfig                             0x08007125   Thumb Code    18  stm32f4xx_can.o(.text)
    CAN_GetFlagStatus                        0x08007137   Thumb Code   120  stm32f4xx_can.o(.text)
    CAN_ClearFlag                            0x080071af   Thumb Code    52  stm32f4xx_can.o(.text)
    CAN_GetITStatus                          0x080071f5   Thumb Code   310  stm32f4xx_can.o(.text)
    CAN_ClearITPendingBit                    0x0800732b   Thumb Code   162  stm32f4xx_can.o(.text)
    FSMC_NORSRAMDeInit                       0x080073d1   Thumb Code    54  stm32f4xx_fsmc.o(.text)
    FSMC_NORSRAMInit                         0x08007407   Thumb Code   230  stm32f4xx_fsmc.o(.text)
    FSMC_NORSRAMStructInit                   0x080074ed   Thumb Code    48  stm32f4xx_fsmc.o(.text)
    FSMC_NORSRAMCmd                          0x0800751d   Thumb Code    46  stm32f4xx_fsmc.o(.text)
    FSMC_NANDDeInit                          0x0800754b   Thumb Code    62  stm32f4xx_fsmc.o(.text)
    FSMC_NANDInit                            0x08007589   Thumb Code   132  stm32f4xx_fsmc.o(.text)
    FSMC_NANDStructInit                      0x0800760d   Thumb Code    54  stm32f4xx_fsmc.o(.text)
    FSMC_NANDCmd                             0x08007643   Thumb Code    86  stm32f4xx_fsmc.o(.text)
    FSMC_NANDECCCmd                          0x08007699   Thumb Code    86  stm32f4xx_fsmc.o(.text)
    FSMC_GetECC                              0x080076ef   Thumb Code    24  stm32f4xx_fsmc.o(.text)
    FSMC_PCCARDDeInit                        0x08007707   Thumb Code    36  stm32f4xx_fsmc.o(.text)
    FSMC_PCCARDInit                          0x0800772b   Thumb Code   130  stm32f4xx_fsmc.o(.text)
    FSMC_PCCARDStructInit                    0x080077ad   Thumb Code    60  stm32f4xx_fsmc.o(.text)
    FSMC_PCCARDCmd                           0x080077e9   Thumb Code    44  stm32f4xx_fsmc.o(.text)
    FSMC_ITConfig                            0x08007815   Thumb Code   128  stm32f4xx_fsmc.o(.text)
    FSMC_GetFlagStatus                       0x08007895   Thumb Code    54  stm32f4xx_fsmc.o(.text)
    FSMC_ClearFlag                           0x080078cb   Thumb Code    74  stm32f4xx_fsmc.o(.text)
    FSMC_GetITStatus                         0x08007915   Thumb Code    62  stm32f4xx_fsmc.o(.text)
    FSMC_ClearITPendingBit                   0x08007953   Thumb Code    66  stm32f4xx_fsmc.o(.text)
    ADC_DeInit                               0x08007999   Thumb Code    22  stm32f4xx_adc.o(.text)
    ADC_Init                                 0x080079af   Thumb Code    74  stm32f4xx_adc.o(.text)
    ADC_StructInit                           0x080079f9   Thumb Code    20  stm32f4xx_adc.o(.text)
    ADC_CommonInit                           0x08007a0d   Thumb Code    34  stm32f4xx_adc.o(.text)
    ADC_CommonStructInit                     0x08007a2f   Thumb Code    12  stm32f4xx_adc.o(.text)
    ADC_Cmd                                  0x08007a3b   Thumb Code    22  stm32f4xx_adc.o(.text)
    ADC_AnalogWatchdogCmd                    0x08007a51   Thumb Code    16  stm32f4xx_adc.o(.text)
    ADC_AnalogWatchdogThresholdsConfig       0x08007a61   Thumb Code     6  stm32f4xx_adc.o(.text)
    ADC_AnalogWatchdogSingleChannelConfig    0x08007a67   Thumb Code    16  stm32f4xx_adc.o(.text)
    ADC_TempSensorVrefintCmd                 0x08007a77   Thumb Code    34  stm32f4xx_adc.o(.text)
    ADC_VBATCmd                              0x08007a99   Thumb Code    34  stm32f4xx_adc.o(.text)
    ADC_RegularChannelConfig                 0x08007abb   Thumb Code   184  stm32f4xx_adc.o(.text)
    ADC_SoftwareStartConv                    0x08007b73   Thumb Code    10  stm32f4xx_adc.o(.text)
    ADC_GetSoftwareStartConvStatus           0x08007b7d   Thumb Code    20  stm32f4xx_adc.o(.text)
    ADC_EOCOnEachRegularChannelCmd           0x08007b91   Thumb Code    22  stm32f4xx_adc.o(.text)
    ADC_ContinuousModeCmd                    0x08007ba7   Thumb Code    22  stm32f4xx_adc.o(.text)
    ADC_DiscModeChannelCountConfig           0x08007bbd   Thumb Code    24  stm32f4xx_adc.o(.text)
    ADC_DiscModeCmd                          0x08007bd5   Thumb Code    22  stm32f4xx_adc.o(.text)
    ADC_GetConversionValue                   0x08007beb   Thumb Code     8  stm32f4xx_adc.o(.text)
    ADC_GetMultiModeConversionValue          0x08007bf3   Thumb Code     8  stm32f4xx_adc.o(.text)
    ADC_DMACmd                               0x08007bfb   Thumb Code    22  stm32f4xx_adc.o(.text)
    ADC_DMARequestAfterLastTransferCmd       0x08007c11   Thumb Code    22  stm32f4xx_adc.o(.text)
    ADC_MultiModeDMARequestAfterLastTransferCmd 0x08007c27   Thumb Code    34  stm32f4xx_adc.o(.text)
    ADC_InjectedChannelConfig                0x08007c49   Thumb Code   130  stm32f4xx_adc.o(.text)
    ADC_InjectedSequencerLengthConfig        0x08007ccb   Thumb Code    24  stm32f4xx_adc.o(.text)
    ADC_SetInjectedOffset                    0x08007ce3   Thumb Code    20  stm32f4xx_adc.o(.text)
    ADC_ExternalTrigInjectedConvConfig       0x08007cf7   Thumb Code    16  stm32f4xx_adc.o(.text)
    ADC_ExternalTrigInjectedConvEdgeConfig   0x08007d07   Thumb Code    16  stm32f4xx_adc.o(.text)
    ADC_SoftwareStartInjectedConv            0x08007d17   Thumb Code    10  stm32f4xx_adc.o(.text)
    ADC_GetSoftwareStartInjectedConvCmdStatus 0x08007d21   Thumb Code    20  stm32f4xx_adc.o(.text)
    ADC_AutoInjectedConvCmd                  0x08007d35   Thumb Code    22  stm32f4xx_adc.o(.text)
    ADC_InjectedDiscModeCmd                  0x08007d4b   Thumb Code    22  stm32f4xx_adc.o(.text)
    ADC_GetInjectedConversionValue           0x08007d61   Thumb Code    28  stm32f4xx_adc.o(.text)
    ADC_ITConfig                             0x08007d7d   Thumb Code    56  stm32f4xx_adc.o(.text)
    ADC_GetFlagStatus                        0x08007db5   Thumb Code    18  stm32f4xx_adc.o(.text)
    ADC_ClearFlag                            0x08007dc7   Thumb Code     6  stm32f4xx_adc.o(.text)
    ADC_GetITStatus                          0x08007dcd   Thumb Code    38  stm32f4xx_adc.o(.text)
    ADC_ClearITPendingBit                    0x08007df3   Thumb Code    10  stm32f4xx_adc.o(.text)
    OS_TaskStatStkChk                        0x08007dfd   Thumb Code    54  os_core.o(.text)
    OS_TaskStat                              0x08007e33   Thumb Code   116  os_core.o(.text)
    OS_TaskIdle                              0x08007edb   Thumb Code    34  os_core.o(.text)
    OS_MemClr                                0x08007f31   Thumb Code    18  os_core.o(.text)
    OSInit                                   0x0800804f   Thumb Code    44  os_core.o(.text)
    OSIntEnter                               0x0800807b   Thumb Code    28  os_core.o(.text)
    OSIntExit                                0x080080b1   Thumb Code   112  os_core.o(.text)
    OSSchedLock                              0x08008121   Thumb Code    50  os_core.o(.text)
    OS_Sched                                 0x08008153   Thumb Code    88  os_core.o(.text)
    OSSchedUnlock                            0x080081ab   Thumb Code   238  os_core.o(.text)
    OSStart                                  0x08008299   Thumb Code    48  os_core.o(.text)
    OSStatInit                               0x080082c9   Thumb Code    62  os_core.o(.text)
    OSTimeTick                               0x08008307   Thumb Code   210  os_core.o(.text)
    OSVersion                                0x080083d9   Thumb Code     6  os_core.o(.text)
    OS_Dummy                                 0x080083df   Thumb Code     2  os_core.o(.text)
    OS_EventTaskRemove                       0x080083e1   Thumb Code    42  os_core.o(.text)
    OS_EventTaskRdy                          0x0800840b   Thumb Code   114  os_core.o(.text)
    OS_EventTaskWait                         0x0800847d   Thumb Code   112  os_core.o(.text)
    OS_EventWaitListInit                     0x080084ed   Thumb Code    28  os_core.o(.text)
    OS_MemCopy                               0x08008509   Thumb Code    20  os_core.o(.text)
    OS_StrLen                                0x0800851d   Thumb Code    20  os_core.o(.text)
    OS_TCBInit                               0x08008531   Thumb Code   280  os_core.o(.text)
    OSFlagAccept                             0x0800868d   Thumb Code   252  os_flag.o(.text)
    OSFlagCreate                             0x08008789   Thumb Code    86  os_flag.o(.text)
    OS_FlagUnlink                            0x080087df   Thumb Code    36  os_flag.o(.text)
    OSFlagDel                                0x08008855   Thumb Code   214  os_flag.o(.text)
    OSFlagNameGet                            0x0800892b   Thumb Code    80  os_flag.o(.text)
    OSFlagNameSet                            0x0800897b   Thumb Code    66  os_flag.o(.text)
    OSFlagPend                               0x08008a55   Thumb Code   614  os_flag.o(.text)
    OSFlagPendGetFlagsRdy                    0x08008cbb   Thumb Code    26  os_flag.o(.text)
    OSFlagPost                               0x08008cd5   Thumb Code   312  os_flag.o(.text)
    OSFlagQuery                              0x08008e0d   Thumb Code    48  os_flag.o(.text)
    OS_FlagInit                              0x08008e3d   Thumb Code    78  os_flag.o(.text)
    OSQAccept                                0x08008e99   Thumb Code    88  os_q.o(.text)
    OSQCreate                                0x08008ef1   Thumb Code   140  os_q.o(.text)
    OSQDel                                   0x08008f7d   Thumb Code   236  os_q.o(.text)
    OSQFlush                                 0x08009069   Thumb Code    36  os_q.o(.text)
    OSQPend                                  0x0800908d   Thumb Code   272  os_q.o(.text)
    OSQPendAbort                             0x0800919d   Thumb Code   128  os_q.o(.text)
    OSQPost                                  0x0800921d   Thumb Code   114  os_q.o(.text)
    OSQPostFront                             0x0800928f   Thumb Code   136  os_q.o(.text)
    OSQPostOpt                               0x08009317   Thumb Code   182  os_q.o(.text)
    OSQQuery                                 0x080093cd   Thumb Code    98  os_q.o(.text)
    OS_QInit                                 0x0800942f   Thumb Code    72  os_q.o(.text)
    OSSemAccept                              0x08009481   Thumb Code    42  os_sem.o(.text)
    OSSemCreate                              0x080094ab   Thumb Code    68  os_sem.o(.text)
    OSSemDel                                 0x080094ef   Thumb Code   200  os_sem.o(.text)
    OSSemPend                                0x080095b7   Thumb Code   222  os_sem.o(.text)
    OSSemPendAbort                           0x08009695   Thumb Code   128  os_sem.o(.text)
    OSSemPost                                0x08009715   Thumb Code    88  os_sem.o(.text)
    OSSemQuery                               0x0800976d   Thumb Code    76  os_sem.o(.text)
    OSSemSet                                 0x080097b9   Thumb Code    66  os_sem.o(.text)
    OSTaskChangePrio                         0x0800980d   Thumb Code   308  os_task.o(.text)
    OSTaskCreate                             0x08009941   Thumb Code   148  os_task.o(.text)
    OS_TaskStkClr                            0x080099d5   Thumb Code    26  os_task.o(.text)
    OSTaskCreateExt                          0x080099ef   Thumb Code   170  os_task.o(.text)
    OSTaskDel                                0x08009a99   Thumb Code   294  os_task.o(.text)
    OSTaskDelReq                             0x08009bbf   Thumb Code   144  os_task.o(.text)
    OSTaskNameGet                            0x08009c4f   Thumb Code   114  os_task.o(.text)
    OSTaskNameSet                            0x08009cc1   Thumb Code    98  os_task.o(.text)
    OSTaskResume                             0x08009d23   Thumb Code   154  os_task.o(.text)
    OSTaskStkChk                             0x08009dbd   Thumb Code   132  os_task.o(.text)
    OSTaskSuspend                            0x08009e41   Thumb Code   152  os_task.o(.text)
    OSTaskQuery                              0x08009ed9   Thumb Code    82  os_task.o(.text)
    OSTaskRegGet                             0x08009f2b   Thumb Code    60  os_task.o(.text)
    OSTaskRegSet                             0x08009f67   Thumb Code    62  os_task.o(.text)
    OS_TaskReturn                            0x08009fa5   Thumb Code    18  os_task.o(.text)
    OSTimeDly                                0x08009fd1   Thumb Code   100  os_time.o(.text)
    OSTimeDlyHMSM                            0x0800a035   Thumb Code    86  os_time.o(.text)
    OSTimeDlyResume                          0x0800a08b   Thumb Code   168  os_time.o(.text)
    OSTimeGet                                0x0800a133   Thumb Code    24  os_time.o(.text)
    OSTimeSet                                0x0800a14b   Thumb Code    24  os_time.o(.text)
    OSInitHookBegin                          0x0800a181   Thumb Code     2  os_cpu_c.o(.text)
    OSInitHookEnd                            0x0800a183   Thumb Code     2  os_cpu_c.o(.text)
    OSTaskCreateHook                         0x0800a185   Thumb Code     2  os_cpu_c.o(.text)
    OSTaskDelHook                            0x0800a187   Thumb Code     2  os_cpu_c.o(.text)
    OSTaskIdleHook                           0x0800a189   Thumb Code     2  os_cpu_c.o(.text)
    OSTaskStatHook                           0x0800a18b   Thumb Code     2  os_cpu_c.o(.text)
    OSTaskStkInit                            0x0800a18d   Thumb Code   426  os_cpu_c.o(.text)
    OSTaskSwHook                             0x0800a337   Thumb Code     2  os_cpu_c.o(.text)
    OSTCBInitHook                            0x0800a339   Thumb Code     2  os_cpu_c.o(.text)
    OSTimeTickHook                           0x0800a33b   Thumb Code     2  os_cpu_c.o(.text)
    OSTaskReturnHook                         0x0800a33d   Thumb Code     2  os_cpu_c.o(.text)
    OS_CPU_SR_Save                           0x0800a345   Thumb Code     0  os_cpu_a.o(.text)
    OS_CPU_SR_Restore                        0x0800a34d   Thumb Code     0  os_cpu_a.o(.text)
    OSStartHighRdy                           0x0800a353   Thumb Code     0  os_cpu_a.o(.text)
    OSCtxSw                                  0x0800a377   Thumb Code     0  os_cpu_a.o(.text)
    OSIntCtxSw                               0x0800a385   Thumb Code     0  os_cpu_a.o(.text)
    PendSV_Handler                           0x0800a395   Thumb Code     0  os_cpu_a.o(.text)
    __use_no_semihosting                     0x0800a40d   Thumb Code     2  use_no_semi_2.o(.text)
    __2printf                                0x0800a411   Thumb Code    20  noretval__2printf.o(.text)
    __printf                                 0x0800a429   Thumb Code   104  __printf.o(.text)
    _printf_int_hex                          0x0800a491   Thumb Code    84  _printf_hex_int.o(.text)
    _printf_longlong_hex                     0x0800a491   Thumb Code     0  _printf_hex_int.o(.text)
    __use_two_region_memory                  0x0800a4e9   Thumb Code     2  heapauxi.o(.text)
    __rt_heap_escrow$2region                 0x0800a4eb   Thumb Code     2  heapauxi.o(.text)
    __rt_heap_expand$2region                 0x0800a4ed   Thumb Code     2  heapauxi.o(.text)
    __I$use$semihosting                      0x0800a4ef   Thumb Code     0  use_no_semi.o(.text)
    __use_no_semihosting_swi                 0x0800a4ef   Thumb Code     2  use_no_semi.o(.text)
    _printf_int_common                       0x0800a4f1   Thumb Code   178  _printf_intcommon.o(.text)
    _printf_char_file                        0x0800a5a5   Thumb Code    32  _printf_char_file.o(.text)
    _printf_char_common                      0x0800a5d3   Thumb Code    32  _printf_char_common.o(.text)
    ferror                                   0x0800a5f9   Thumb Code     8  ferror.o(.text)
    __user_setup_stackheap                   0x0800a601   Thumb Code    74  sys_stackheap_outer.o(.text)
    exit                                     0x0800a64b   Thumb Code    12  exit.o(.text)
    __user_libspace                          0x0800a659   Thumb Code     8  libspace.o(.text)
    __user_perproc_libspace                  0x0800a659   Thumb Code     0  libspace.o(.text)
    __user_perthread_libspace                0x0800a659   Thumb Code     0  libspace.o(.text)
    __aeabi_d2f                              0x0800a661   Thumb Code     0  d2f.o(x$fpl$d2f)
    _d2f                                     0x0800a661   Thumb Code    98  d2f.o(x$fpl$d2f)
    __aeabi_d2uiz                            0x0800a6c5   Thumb Code     0  dfixu.o(x$fpl$dfixu)
    _dfixu                                   0x0800a6c5   Thumb Code    90  dfixu.o(x$fpl$dfixu)
    __aeabi_ui2d                             0x0800a71f   Thumb Code     0  dflt_clz.o(x$fpl$dfltu)
    _dfltu                                   0x0800a71f   Thumb Code    38  dflt_clz.o(x$fpl$dfltu)
    __aeabi_dmul                             0x0800a745   Thumb Code     0  dmul.o(x$fpl$dmul)
    _dmul                                    0x0800a745   Thumb Code   332  dmul.o(x$fpl$dmul)
    __fpl_dnaninf                            0x0800a899   Thumb Code   156  dnaninf.o(x$fpl$dnaninf)
    __fpl_dretinf                            0x0800a935   Thumb Code    12  dretinf.o(x$fpl$dretinf)
    __aeabi_f2d                              0x0800a941   Thumb Code     0  f2d.o(x$fpl$f2d)
    _f2d                                     0x0800a941   Thumb Code    86  f2d.o(x$fpl$f2d)
    __fpl_fnaninf                            0x0800a997   Thumb Code   140  fnaninf.o(x$fpl$fnaninf)
    _fp_init                                 0x0800aa23   Thumb Code    10  fpinit.o(x$fpl$fpinit)
    __fplib_config_fpu_vfp                   0x0800aa2b   Thumb Code     0  fpinit.o(x$fpl$fpinit)
    __fplib_config_pureend_doubles           0x0800aa2b   Thumb Code     0  fpinit.o(x$fpl$fpinit)
    __fpl_fretinf                            0x0800aa2d   Thumb Code    10  fretinf.o(x$fpl$fretinf)
    __I$use$fp                               0x0800aa36   Number         0  usenofp.o(x$fpl$usenofp)
    asc2_1206                                0x0800aa36   Data        1140  lcd.o(.constdata)
    asc2_1608                                0x0800aeaa   Data        1520  lcd.o(.constdata)
    asc2_2412                                0x0800b49a   Data        3420  lcd.o(.constdata)
    FSMC_DefaultTimingStruct                 0x0800c1f8   Data          28  stm32f4xx_fsmc.o(.constdata)
    OSUnMapTbl                               0x0800c214   Data         256  os_core.o(.constdata)
    Region$$Table$$Base                      0x0800c33c   Number         0  anon$$obj.o(Region$$Table)
    Region$$Table$$Limit                     0x0800c35c   Number         0  anon$$obj.o(Region$$Table)
    EventSemKey                              0x20000000   Data           4  main.o(.data)
    led0cnt                                  0x20000004   Data           1  main.o(.data)
    SystemCoreClock                          0x20000008   Data           4  system_stm32f4xx.o(.data)
    AHBPrescTable                            0x2000000c   Data          16  system_stm32f4xx.o(.data)
    POINT_COLOR                              0x2000001e   Data           2  lcd.o(.data)
    BACK_COLOR                               0x20000020   Data           2  lcd.o(.data)
    __stdout                                 0x20000028   Data           4  usart.o(.data)
    USART_RX_STA                             0x2000002c   Data           2  usart.o(.data)
    OSCtxSwCtr                               0x20000040   Data           4  os_core.o(.data)
    OSEventFreeList                          0x20000044   Data           4  os_core.o(.data)
    OSFlagFreeList                           0x20000048   Data           4  os_core.o(.data)
    OSCPUUsage                               0x2000004c   Data           1  os_core.o(.data)
    OSIdleCtrMax                             0x20000050   Data           4  os_core.o(.data)
    OSIdleCtrRun                             0x20000054   Data           4  os_core.o(.data)
    OSStatRdy                                0x20000058   Data           1  os_core.o(.data)
    OSIntNesting                             0x20000059   Data           1  os_core.o(.data)
    OSLockNesting                            0x2000005a   Data           1  os_core.o(.data)
    OSPrioCur                                0x2000005b   Data           1  os_core.o(.data)
    OSPrioHighRdy                            0x2000005c   Data           1  os_core.o(.data)
    OSRdyGrp                                 0x2000005d   Data           1  os_core.o(.data)
    OSRdyTbl                                 0x2000005e   Data           8  os_core.o(.data)
    OSRunning                                0x20000066   Data           1  os_core.o(.data)
    OSTaskCtr                                0x20000067   Data           1  os_core.o(.data)
    OSIdleCtr                                0x20000068   Data           4  os_core.o(.data)
    OSTCBCur                                 0x2000006c   Data           4  os_core.o(.data)
    OSTCBFreeList                            0x20000070   Data           4  os_core.o(.data)
    OSTCBHighRdy                             0x20000074   Data           4  os_core.o(.data)
    OSTCBList                                0x20000078   Data           4  os_core.o(.data)
    OSTickStepState                          0x2000007c   Data           1  os_core.o(.data)
    OSQFreeList                              0x20000080   Data           4  os_core.o(.data)
    OSTime                                   0x20000084   Data           4  os_core.o(.data)
    START_TASK_STK                           0x20000088   Data         512  main.o(.bss)
    LED0_TASK_STK                            0x20000288   Data        2048  main.o(.bss)
    LED1_TASK_STK                            0x20000a88   Data        2048  main.o(.bss)
    CAN_TASK_STK                             0x20001288   Data        2048  main.o(.bss)
    KEY_TASK_STK                             0x20001a88   Data        2048  main.o(.bss)
    ADC_TASK_STK                             0x20002288   Data        4096  main.o(.bss)
    lcddev                                   0x20003288   Data          14  lcd.o(.bss)
    USART_RX_BUF                             0x20003296   Data         200  usart.o(.bss)
    OSEventTbl                               0x20003360   Data         200  os_core.o(.bss)
    OSFlagTbl                                0x20003428   Data          80  os_core.o(.bss)
    OSTaskStatStk                            0x20003478   Data         512  os_core.o(.bss)
    OSTaskIdleStk                            0x20003678   Data         512  os_core.o(.bss)
    OSTCBPrioTbl                             0x20003878   Data         256  os_core.o(.bss)
    OSTCBTbl                                 0x20003978   Data        1008  os_core.o(.bss)
    OSQTbl                                   0x20003d68   Data         120  os_core.o(.bss)
    __libspace_start                         0x20003de0   Data          96  libspace.o(.bss)
    __temporary_stack_top$libspace           0x20003e40   Data           0  libspace.o(.bss)



==============================================================================

Memory Map of the image

  Image Entry point : 0x08000189

  Load Region LR_IROM1 (Base: 0x08000000, Size: 0x0000c3e4, Max: 0x00080000, ABSOLUTE)

    Execution Region ER_IROM1 (Base: 0x08000000, Size: 0x0000c35c, Max: 0x00080000, ABSOLUTE)

    Base Addr    Size         Type   Attr      Idx    E Section Name        Object

    0x08000000   0x00000188   Data   RO          459    RESET               startup_stm32f40_41xxx.o
    0x08000188   0x00000008   Code   RO          913  * !!!main             c_w.l(__main.o)
    0x08000190   0x00000034   Code   RO         1105    !!!scatter          c_w.l(__scatter.o)
    0x080001c4   0x0000001a   Code   RO         1107    !!handler_copy      c_w.l(__scatter_copy.o)
    0x080001de   0x00000002   PAD
    0x080001e0   0x0000001c   Code   RO         1109    !!handler_zi        c_w.l(__scatter_zi.o)
    0x080001fc   0x00000000   Code   RO          910    .ARM.Collect$$_printf_percent$$00000000  c_w.l(_printf_percent.o)
    0x080001fc   0x00000006   Code   RO          909    .ARM.Collect$$_printf_percent$$0000000C  c_w.l(_printf_x.o)
    0x08000202   0x00000004   Code   RO          938    .ARM.Collect$$_printf_percent$$00000017  c_w.l(_printf_percent_end.o)
    0x08000206   0x00000002   Code   RO          980    .ARM.Collect$$libinit$$00000000  c_w.l(libinit.o)
    0x08000208   0x00000004   Code   RO          986    .ARM.Collect$$libinit$$00000001  c_w.l(libinit2.o)
    0x0800020c   0x00000000   Code   RO          989    .ARM.Collect$$libinit$$00000004  c_w.l(libinit2.o)
    0x0800020c   0x00000000   Code   RO          992    .ARM.Collect$$libinit$$0000000A  c_w.l(libinit2.o)
    0x0800020c   0x00000000   Code   RO          994    .ARM.Collect$$libinit$$0000000C  c_w.l(libinit2.o)
    0x0800020c   0x00000000   Code   RO          996    .ARM.Collect$$libinit$$0000000E  c_w.l(libinit2.o)
    0x0800020c   0x00000000   Code   RO          999    .ARM.Collect$$libinit$$00000011  c_w.l(libinit2.o)
    0x0800020c   0x00000000   Code   RO         1001    .ARM.Collect$$libinit$$00000013  c_w.l(libinit2.o)
    0x0800020c   0x00000000   Code   RO         1003    .ARM.Collect$$libinit$$00000015  c_w.l(libinit2.o)
    0x0800020c   0x00000000   Code   RO         1005    .ARM.Collect$$libinit$$00000017  c_w.l(libinit2.o)
    0x0800020c   0x00000000   Code   RO         1007    .ARM.Collect$$libinit$$00000019  c_w.l(libinit2.o)
    0x0800020c   0x00000000   Code   RO         1009    .ARM.Collect$$libinit$$0000001B  c_w.l(libinit2.o)
    0x0800020c   0x00000000   Code   RO         1011    .ARM.Collect$$libinit$$0000001D  c_w.l(libinit2.o)
    0x0800020c   0x00000000   Code   RO         1013    .ARM.Collect$$libinit$$0000001F  c_w.l(libinit2.o)
    0x0800020c   0x00000000   Code   RO         1015    .ARM.Collect$$libinit$$00000021  c_w.l(libinit2.o)
    0x0800020c   0x00000000   Code   RO         1017    .ARM.Collect$$libinit$$00000023  c_w.l(libinit2.o)
    0x0800020c   0x00000000   Code   RO         1019    .ARM.Collect$$libinit$$00000025  c_w.l(libinit2.o)
    0x0800020c   0x00000000   Code   RO         1023    .ARM.Collect$$libinit$$0000002C  c_w.l(libinit2.o)
    0x0800020c   0x00000000   Code   RO         1025    .ARM.Collect$$libinit$$0000002E  c_w.l(libinit2.o)
    0x0800020c   0x00000000   Code   RO         1027    .ARM.Collect$$libinit$$00000030  c_w.l(libinit2.o)
    0x0800020c   0x00000000   Code   RO         1029    .ARM.Collect$$libinit$$00000032  c_w.l(libinit2.o)
    0x0800020c   0x00000002   Code   RO         1030    .ARM.Collect$$libinit$$00000033  c_w.l(libinit2.o)
    0x0800020e   0x00000002   Code   RO         1048    .ARM.Collect$$libshutdown$$00000000  c_w.l(libshutdown.o)
    0x08000210   0x00000000   Code   RO         1059    .ARM.Collect$$libshutdown$$00000003  c_w.l(libshutdown2.o)
    0x08000210   0x00000000   Code   RO         1062    .ARM.Collect$$libshutdown$$00000006  c_w.l(libshutdown2.o)
    0x08000210   0x00000000   Code   RO         1065    .ARM.Collect$$libshutdown$$00000009  c_w.l(libshutdown2.o)
    0x08000210   0x00000000   Code   RO         1067    .ARM.Collect$$libshutdown$$0000000B  c_w.l(libshutdown2.o)
    0x08000210   0x00000000   Code   RO         1070    .ARM.Collect$$libshutdown$$0000000E  c_w.l(libshutdown2.o)
    0x08000210   0x00000002   Code   RO         1071    .ARM.Collect$$libshutdown$$0000000F  c_w.l(libshutdown2.o)
    0x08000212   0x00000000   Code   RO          933    .ARM.Collect$$rtentry$$00000000  c_w.l(__rtentry.o)
    0x08000212   0x00000000   Code   RO          949    .ARM.Collect$$rtentry$$00000002  c_w.l(__rtentry2.o)
    0x08000212   0x00000006   Code   RO          961    .ARM.Collect$$rtentry$$00000004  c_w.l(__rtentry4.o)
    0x08000218   0x00000000   Code   RO          951    .ARM.Collect$$rtentry$$00000009  c_w.l(__rtentry2.o)
    0x08000218   0x00000004   Code   RO          952    .ARM.Collect$$rtentry$$0000000A  c_w.l(__rtentry2.o)
    0x0800021c   0x00000000   Code   RO          954    .ARM.Collect$$rtentry$$0000000C  c_w.l(__rtentry2.o)
    0x0800021c   0x00000008   Code   RO          955    .ARM.Collect$$rtentry$$0000000D  c_w.l(__rtentry2.o)
    0x08000224   0x00000002   Code   RO          984    .ARM.Collect$$rtexit$$00000000  c_w.l(rtexit.o)
    0x08000226   0x00000000   Code   RO         1032    .ARM.Collect$$rtexit$$00000002  c_w.l(rtexit2.o)
    0x08000226   0x00000004   Code   RO         1033    .ARM.Collect$$rtexit$$00000003  c_w.l(rtexit2.o)
    0x0800022a   0x00000006   Code   RO         1034    .ARM.Collect$$rtexit$$00000004  c_w.l(rtexit2.o)
    0x08000230   0x00000450   Code   RO            3    .text               main.o
    0x08000680   0x00000016   Code   RO          190    .text               stm32f4xx_it.o
    0x08000696   0x00000002   PAD
    0x08000698   0x00000210   Code   RO          239    .text               system_stm32f4xx.o
    0x080008a8   0x0000007c   Code   RO          265    .text               led.o
    0x08000924   0x00000104   Code   RO          285    .text               key.o
    0x08000a28   0x0000017c   Code   RO          306    .text               can.o
    0x08000ba4   0x00004c80   Code   RO          330    .text               lcd.o
    0x08005824   0x000000e0   Code   RO          368    .text               adc.o
    0x08005904   0x00000128   Code   RO          388    .text               delay.o
    0x08005a2c   0x00000150   Code   RO          428    .text               usart.o
    0x08005b7c   0x00000040   Code   RO          460    .text               startup_stm32f40_41xxx.o
    0x08005bbc   0x000000e0   Code   RO          466    .text               misc.o
    0x08005c9c   0x00000294   Code   RO          486    .text               stm32f4xx_gpio.o
    0x08005f30   0x0000065c   Code   RO          506    .text               stm32f4xx_rcc.o
    0x0800658c   0x00000454   Code   RO          548    .text               stm32f4xx_usart.o
    0x080069e0   0x000009f0   Code   RO          568    .text               stm32f4xx_can.o
    0x080073d0   0x000005c8   Code   RO          588    .text               stm32f4xx_fsmc.o
    0x08007998   0x00000464   Code   RO          611    .text               stm32f4xx_adc.o
    0x08007dfc   0x00000890   Code   RO          631    .text               os_core.o
    0x0800868c   0x0000080c   Code   RO          659    .text               os_flag.o
    0x08008e98   0x000005e8   Code   RO          733    .text               os_q.o
    0x08009480   0x0000038c   Code   RO          753    .text               os_sem.o
    0x0800980c   0x000007c4   Code   RO          773    .text               os_task.o
    0x08009fd0   0x000001b0   Code   RO          793    .text               os_time.o
    0x0800a180   0x000001c4   Code   RO          827    .text               os_cpu_c.o
    0x0800a344   0x000000c8   Code   RO          855    .text               os_cpu_a.o
    0x0800a40c   0x00000002   Code   RO          860    .text               c_w.l(use_no_semi_2.o)
    0x0800a40e   0x00000002   PAD
    0x0800a410   0x00000018   Code   RO          864    .text               c_w.l(noretval__2printf.o)
    0x0800a428   0x00000068   Code   RO          866    .text               c_w.l(__printf.o)
    0x0800a490   0x00000058   Code   RO          871    .text               c_w.l(_printf_hex_int.o)
    0x0800a4e8   0x00000006   Code   RO          911    .text               c_w.l(heapauxi.o)
    0x0800a4ee   0x00000002   Code   RO          931    .text               c_w.l(use_no_semi.o)
    0x0800a4f0   0x000000b2   Code   RO          934    .text               c_w.l(_printf_intcommon.o)
    0x0800a5a2   0x00000002   PAD
    0x0800a5a4   0x00000024   Code   RO          936    .text               c_w.l(_printf_char_file.o)
    0x0800a5c8   0x00000030   Code   RO          963    .text               c_w.l(_printf_char_common.o)
    0x0800a5f8   0x00000008   Code   RO          965    .text               c_w.l(ferror.o)
    0x0800a600   0x0000004a   Code   RO          969    .text               c_w.l(sys_stackheap_outer.o)
    0x0800a64a   0x0000000c   Code   RO          973    .text               c_w.l(exit.o)
    0x0800a656   0x00000002   PAD
    0x0800a658   0x00000008   Code   RO          981    .text               c_w.l(libspace.o)
    0x0800a660   0x00000062   Code   RO          915    x$fpl$d2f           fz_wm.l(d2f.o)
    0x0800a6c2   0x00000002   PAD
    0x0800a6c4   0x0000005a   Code   RO          917    x$fpl$dfixu         fz_wm.l(dfixu.o)
    0x0800a71e   0x00000026   Code   RO          921    x$fpl$dfltu         fz_wm.l(dflt_clz.o)
    0x0800a744   0x00000154   Code   RO          927    x$fpl$dmul          fz_wm.l(dmul.o)
    0x0800a898   0x0000009c   Code   RO          939    x$fpl$dnaninf       fz_wm.l(dnaninf.o)
    0x0800a934   0x0000000c   Code   RO          941    x$fpl$dretinf       fz_wm.l(dretinf.o)
    0x0800a940   0x00000056   Code   RO          929    x$fpl$f2d           fz_wm.l(f2d.o)
    0x0800a996   0x0000008c   Code   RO          943    x$fpl$fnaninf       fz_wm.l(fnaninf.o)
    0x0800aa22   0x0000000a   Code   RO         1040    x$fpl$fpinit        fz_wm.l(fpinit.o)
    0x0800aa2c   0x0000000a   Code   RO          945    x$fpl$fretinf       fz_wm.l(fretinf.o)
    0x0800aa36   0x00000000   Code   RO          947    x$fpl$usenofp       fz_wm.l(usenofp.o)
    0x0800aa36   0x000017c0   Data   RO          332    .constdata          lcd.o
    0x0800c1f6   0x00000002   PAD
    0x0800c1f8   0x0000001c   Data   RO          589    .constdata          stm32f4xx_fsmc.o
    0x0800c214   0x00000100   Data   RO          633    .constdata          os_core.o
    0x0800c314   0x00000028   Data   RO          872    .constdata          c_w.l(_printf_hex_int.o)
    0x0800c33c   0x00000020   Data   RO         1103    Region$$Table       anon$$obj.o


    Execution Region RW_IRAM1 (Base: 0x20000000, Size: 0x00004440, Max: 0x00020000, ABSOLUTE)

    Base Addr    Size         Type   Attr      Idx    E Section Name        Object

    0x20000000   0x00000005   Data   RW            5    .data               main.o
    0x20000005   0x00000003   PAD
    0x20000008   0x00000014   Data   RW          240    .data               system_stm32f4xx.o
    0x2000001c   0x00000001   Data   RW          286    .data               key.o
    0x2000001d   0x00000001   PAD
    0x2000001e   0x00000004   Data   RW          333    .data               lcd.o
    0x20000022   0x00000004   Data   RW          389    .data               delay.o
    0x20000026   0x00000002   PAD
    0x20000028   0x00000006   Data   RW          430    .data               usart.o
    0x2000002e   0x00000010   Data   RW          507    .data               stm32f4xx_rcc.o
    0x2000003e   0x00000002   PAD
    0x20000040   0x00000048   Data   RW          634    .data               os_core.o
    0x20000088   0x00003200   Zero   RW            4    .bss                main.o
    0x20003288   0x0000000e   Zero   RW          331    .bss                lcd.o
    0x20003296   0x000000c8   Zero   RW          429    .bss                usart.o
    0x2000335e   0x00000002   PAD
    0x20003360   0x00000a80   Zero   RW          632    .bss                os_core.o
    0x20003de0   0x00000060   Zero   RW          982    .bss                c_w.l(libspace.o)
    0x20003e40   0x00000200   Zero   RW          458    HEAP                startup_stm32f40_41xxx.o
    0x20004040   0x00000400   Zero   RW          457    STACK               startup_stm32f40_41xxx.o


==============================================================================

Image component sizes


      Code (inc. data)   RO Data    RW Data    ZI Data      Debug   Object Name

       224         10          0          0          0       1171   adc.o
       380          8          0          0          0       2180   can.o
       296         18          0          4          0       1869   delay.o
       260         14          0          1          0        900   key.o
     19584        174       6080          4         14      22442   lcd.o
       124          8          0          0          0        729   led.o
      1104        244          0          5      12800     304154   main.o
       224         20          0          0          0       1885   misc.o
      2192        218        256         72       2688      15243   os_core.o
       200         32          0          0          0        356   os_cpu_a.o
       452          6          0          0          0      10758   os_cpu_c.o
      2060         42          0          0          0       6968   os_flag.o
      1512         30          0          0          0       5597   os_q.o
       908         18          0          0          0       3938   os_sem.o
      1988         70          0          0          0       7633   os_task.o
       432         30          0          0          0       1838   os_time.o
        64         26        392          0       1536        864   startup_stm32f40_41xxx.o
      1124         24          0          0          0      10562   stm32f4xx_adc.o
      2544         38          0          0          0       8036   stm32f4xx_can.o
      1480         18         28          0          0       5718   stm32f4xx_fsmc.o
       660         44          0          0          0       4161   stm32f4xx_gpio.o
        22          0          0          0          0       1067   stm32f4xx_it.o
      1628         52          0         16          0      12984   stm32f4xx_rcc.o
      1108         34          0          0          0       7864   stm32f4xx_usart.o
       528         46          0         20          0       1879   system_stm32f4xx.o
       336         16          0          6        200       3410   usart.o

    ----------------------------------------------------------------------
     41436       1240       6790        136      17240     444206   Object Totals
         0          0         32          0          0          0   (incl. Generated)
         2          0          2          8          2          0   (incl. Padding)

    ----------------------------------------------------------------------

      Code (inc. data)   RO Data    RW Data    ZI Data      Debug   Library Member Name

         8          0          0          0          0         68   __main.o
       104          0          0          0          0         84   __printf.o
         0          0          0          0          0          0   __rtentry.o
        12          0          0          0          0          0   __rtentry2.o
         6          0          0          0          0          0   __rtentry4.o
        52          8          0          0          0          0   __scatter.o
        26          0          0          0          0          0   __scatter_copy.o
        28          0          0          0          0          0   __scatter_zi.o
        48          6          0          0          0         96   _printf_char_common.o
        36          4          0          0          0         80   _printf_char_file.o
        88          4         40          0          0         88   _printf_hex_int.o
       178          0          0          0          0         88   _printf_intcommon.o
         0          0          0          0          0          0   _printf_percent.o
         4          0          0          0          0          0   _printf_percent_end.o
         6          0          0          0          0          0   _printf_x.o
        12          0          0          0          0         72   exit.o
         8          0          0          0          0         68   ferror.o
         6          0          0          0          0        152   heapauxi.o
         2          0          0          0          0          0   libinit.o
         6          0          0          0          0          0   libinit2.o
         2          0          0          0          0          0   libshutdown.o
         2          0          0          0          0          0   libshutdown2.o
         8          4          0          0         96         68   libspace.o
        24          4          0          0          0         84   noretval__2printf.o
         2          0          0          0          0          0   rtexit.o
        10          0          0          0          0          0   rtexit2.o
        74          0          0          0          0         80   sys_stackheap_outer.o
         2          0          0          0          0         68   use_no_semi.o
         2          0          0          0          0         68   use_no_semi_2.o
        98          4          0          0          0        140   d2f.o
        90          4          0          0          0        140   dfixu.o
        38          0          0          0          0        116   dflt_clz.o
       340         12          0          0          0        152   dmul.o
       156          4          0          0          0        140   dnaninf.o
        12          0          0          0          0        116   dretinf.o
        86          4          0          0          0        132   f2d.o
       140          4          0          0          0        132   fnaninf.o
        10          0          0          0          0        116   fpinit.o
        10          0          0          0          0        116   fretinf.o
         0          0          0          0          0          0   usenofp.o

    ----------------------------------------------------------------------
      1746         62         40          0         96       2464   Library Totals
        10          0          0          0          0          0   (incl. Padding)

    ----------------------------------------------------------------------

      Code (inc. data)   RO Data    RW Data    ZI Data      Debug   Library Name

       756         30         40          0         96       1164   c_w.l
       980         32          0          0          0       1300   fz_wm.l

    ----------------------------------------------------------------------
      1746         62         40          0         96       2464   Library Totals

    ----------------------------------------------------------------------

==============================================================================


      Code (inc. data)   RO Data    RW Data    ZI Data      Debug   

     43182       1302       6830        136      17336     440050   Grand Totals
     43182       1302       6830        136      17336     440050   ELF Image Totals
     43182       1302       6830        136          0          0   ROM Totals

==============================================================================

    Total RO  Size (Code + RO Data)                50012 (  48.84kB)
    Total RW  Size (RW Data + ZI Data)             17472 (  17.06kB)
    Total ROM Size (Code + RO Data + RW Data)      50148 (  48.97kB)

==============================================================================

